Oct  4 07:55:23 nishtala kernel: [90423.430878] ERROR @wl_notify_scan_status : wlan0 Scan_results error (-22)
Oct  4 08:07:24 nishtala kernel: [91145.295414] ERROR @wl_notify_scan_status : wlan0 Scan_results error (-22)
Oct  4 08:21:24 nishtala kernel: [91985.988251] ERROR @wl_notify_scan_status : wlan0 Scan_results error (-22)
Oct  4 08:23:24 nishtala kernel: [92106.078047] ERROR @wl_notify_scan_status : wlan0 Scan_results error (-22)
Oct  4 08:41:23 nishtala kernel: [93186.311644] ERROR @wl_notify_scan_status : wlan0 Scan_results error (-22)
Oct  4 09:23:23 nishtala kernel: [95708.539750] ERROR @wl_notify_scan_status : wlan0 Scan_results error (-22)
Oct  4 09:27:23 nishtala kernel: [95948.324328] ERROR @wl_notify_scan_status : wlan0 Scan_results error (-22)
Oct  4 10:13:23 nishtala kernel: [98710.569221] ERROR @wl_notify_scan_status : wlan0 Scan_results error (-22)
Oct  4 10:15:23 nishtala kernel: [98830.899526] ERROR @wl_notify_scan_status : wlan0 Scan_results error (-22)
Oct  4 10:19:23 nishtala kernel: [99070.873345] ERROR @wl_notify_scan_status : wlan0 Scan_results error (-22)
Oct  4 10:25:23 nishtala kernel: [99431.243829] ERROR @wl_notify_scan_status : wlan0 Scan_results error (-22)
Oct  4 10:27:23 nishtala kernel: [99551.533239] ERROR @wl_notify_scan_status : wlan0 Scan_results error (-22)
Oct  4 10:29:24 nishtala kernel: [99672.551582] ERROR @wl_notify_scan_status : wlan0 Scan_results error (-22)
Oct  4 10:31:23 nishtala kernel: [99791.497755] ERROR @wl_notify_scan_status : wlan0 Scan_results error (-22)
Oct  4 10:33:24 nishtala kernel: [99912.829911] ERROR @wl_notify_scan_status : wlan0 Scan_results error (-22)
Oct  4 10:35:23 nishtala kernel: [100031.679181] ERROR @wl_notify_scan_status : wlan0 Scan_results error (-22)
Oct  4 10:37:23 nishtala kernel: [100151.819394] ERROR @wl_notify_scan_status : wlan0 Scan_results error (-22)
Oct  4 10:39:23 nishtala kernel: [100271.966321] ERROR @wl_notify_scan_status : wlan0 Scan_results error (-22)
Oct  4 10:41:23 nishtala kernel: [100392.467301] ERROR @wl_notify_scan_status : wlan0 Scan_results error (-22)
Oct  4 10:43:23 nishtala kernel: [100512.122055] ERROR @wl_notify_scan_status : wlan0 Scan_results error (-22)
Oct  4 10:45:23 nishtala kernel: [100632.224734] ERROR @wl_notify_scan_status : wlan0 Scan_results error (-22)
Oct  4 10:47:23 nishtala kernel: [100752.304768] ERROR @wl_notify_scan_status : wlan0 Scan_results error (-22)
Oct  4 10:49:23 nishtala kernel: [100872.418465] ERROR @wl_notify_scan_status : wlan0 Scan_results error (-22)
Oct  4 10:51:23 nishtala kernel: [100992.505880] ERROR @wl_notify_scan_status : wlan0 Scan_results error (-22)
Oct  4 10:53:23 nishtala kernel: [101113.069495] ERROR @wl_notify_scan_status : wlan0 Scan_results error (-22)
Oct  4 10:55:23 nishtala kernel: [101232.922792] ERROR @wl_notify_scan_status : wlan0 Scan_results error (-22)
Oct  4 10:57:23 nishtala kernel: [101352.891530] ERROR @wl_notify_scan_status : wlan0 Scan_results error (-22)
Oct  4 10:59:24 nishtala kernel: [101473.903060] ERROR @wl_notify_scan_status : wlan0 Scan_results error (-22)
Oct  4 11:01:23 nishtala kernel: [101593.703704] ERROR @wl_notify_scan_status : wlan0 Scan_results error (-22)
Oct  4 11:19:24 nishtala kernel: [102674.846154] ERROR @wl_notify_scan_status : wlan0 Scan_results error (-22)
Oct  4 13:11:24 nishtala kernel: [109400.806818] ERROR @wl_notify_scan_status : wlan0 Scan_results error (-22)
Oct  4 14:21:24 nishtala kernel: [113604.622454] ERROR @wl_notify_scan_status : wlan0 Scan_results error (-22)
Oct  4 14:25:23 nishtala kernel: [113843.653371] ERROR @wl_notify_scan_status : wlan0 Scan_results error (-22)
Oct  4 17:10:26 nishtala kernel: [123755.204087] e1000e 0000:00:19.0: irq 43 for MSI/MSI-X
Oct  4 18:34:18 nishtala kernel: [128791.719873] e1000e 0000:00:19.0: irq 43 for MSI/MSI-X
Oct  5 09:09:26 nishtala kernel: [    0.000000] Initializing cgroup subsys cpuset
Oct  5 09:09:26 nishtala kernel: [    0.000000] Initializing cgroup subsys cpu
Oct  5 09:09:26 nishtala kernel: [    0.000000] Initializing cgroup subsys cpuacct
Oct  5 09:09:26 nishtala kernel: [    0.000000] Linux version 3.14.5-031405-generic (apw@gomeisa) (gcc version 4.6.3 (Ubuntu/Linaro 4.6.3-1ubuntu5) ) #201405311735 SMP Sat May 31 21:36:05 UTC 2014
Oct  5 09:09:26 nishtala kernel: [    0.000000] Command line: BOOT_IMAGE=/boot/vmlinuz-3.14.5-031405-generic root=UUID=07e074c5-613a-40bc-a2c2-29b6c69355af ro quiet splash intel_pstate=disable
Oct  5 09:09:26 nishtala kernel: [    0.000000] KERNEL supported cpus:
Oct  5 09:09:26 nishtala kernel: [    0.000000]   Intel GenuineIntel
Oct  5 09:09:26 nishtala kernel: [    0.000000]   AMD AuthenticAMD
Oct  5 09:09:26 nishtala kernel: [    0.000000]   Centaur CentaurHauls
Oct  5 09:09:26 nishtala kernel: [    0.000000] e820: BIOS-provided physical RAM map:
Oct  5 09:09:26 nishtala kernel: [    0.000000] BIOS-e820: [mem 0x0000000000000000-0x000000000009a7ff] usable
Oct  5 09:09:26 nishtala kernel: [    0.000000] BIOS-e820: [mem 0x000000000009a800-0x000000000009ffff] reserved
Oct  5 09:09:26 nishtala kernel: [    0.000000] BIOS-e820: [mem 0x00000000000e0000-0x00000000000fffff] reserved
Oct  5 09:09:26 nishtala kernel: [    0.000000] BIOS-e820: [mem 0x0000000000100000-0x00000000cf21efff] usable
Oct  5 09:09:26 nishtala kernel: [    0.000000] BIOS-e820: [mem 0x00000000cf21f000-0x00000000cf262fff] reserved
Oct  5 09:09:26 nishtala kernel: [    0.000000] BIOS-e820: [mem 0x00000000cf263000-0x00000000cf5b6fff] usable
Oct  5 09:09:26 nishtala kernel: [    0.000000] BIOS-e820: [mem 0x00000000cf5b7000-0x00000000cf5e6fff] reserved
Oct  5 09:09:26 nishtala kernel: [    0.000000] BIOS-e820: [mem 0x00000000cf5e7000-0x00000000cf7e6fff] ACPI NVS
Oct  5 09:09:26 nishtala kernel: [    0.000000] BIOS-e820: [mem 0x00000000cf7e7000-0x00000000cf7fefff] ACPI data
Oct  5 09:09:26 nishtala kernel: [    0.000000] BIOS-e820: [mem 0x00000000cf7ff000-0x00000000cf7fffff] usable
Oct  5 09:09:26 nishtala kernel: [    0.000000] BIOS-e820: [mem 0x00000000fed1c000-0x00000000fed1ffff] reserved
Oct  5 09:09:26 nishtala kernel: [    0.000000] BIOS-e820: [mem 0x00000000ffc00000-0x00000000ffc1ffff] reserved
Oct  5 09:09:26 nishtala kernel: [    0.000000] BIOS-e820: [mem 0x0000000100000000-0x000000022dffffff] usable
Oct  5 09:09:26 nishtala kernel: [    0.000000] NX (Execute Disable) protection: active
Oct  5 09:09:26 nishtala kernel: [    0.000000] SMBIOS 2.6 present.
Oct  5 09:09:26 nishtala kernel: [    0.000000] DMI: Dell Inc. Latitude E6420/038C0K, BIOS A19 06/24/2013
Oct  5 09:09:26 nishtala kernel: [    0.000000] e820: update [mem 0x00000000-0x00000fff] usable ==> reserved
Oct  5 09:09:26 nishtala kernel: [    0.000000] e820: remove [mem 0x000a0000-0x000fffff] usable
Oct  5 09:09:26 nishtala kernel: [    0.000000] No AGP bridge found
Oct  5 09:09:26 nishtala kernel: [    0.000000] e820: last_pfn = 0x22e000 max_arch_pfn = 0x400000000
Oct  5 09:09:26 nishtala kernel: [    0.000000] MTRR default type: uncachable
Oct  5 09:09:26 nishtala kernel: [    0.000000] MTRR fixed ranges enabled:
Oct  5 09:09:26 nishtala kernel: [    0.000000]   00000-97FFF write-back
Oct  5 09:09:26 nishtala kernel: [    0.000000]   98000-9BFFF write-protect
Oct  5 09:09:26 nishtala kernel: [    0.000000]   9C000-9FFFF write-back
Oct  5 09:09:26 nishtala kernel: [    0.000000]   A0000-BFFFF uncachable
Oct  5 09:09:26 nishtala kernel: [    0.000000]   C0000-FFFFF write-protect
Oct  5 09:09:26 nishtala kernel: [    0.000000] MTRR variable ranges enabled:
Oct  5 09:09:26 nishtala kernel: [    0.000000]   0 base 000000000 mask F80000000 write-back
Oct  5 09:09:26 nishtala kernel: [    0.000000]   1 base 080000000 mask FC0000000 write-back
Oct  5 09:09:26 nishtala kernel: [    0.000000]   2 base 0C0000000 mask FF0000000 write-back
Oct  5 09:09:26 nishtala kernel: [    0.000000]   3 base 100000000 mask F00000000 write-back
Oct  5 09:09:26 nishtala kernel: [    0.000000]   4 base 200000000 mask FE0000000 write-back
Oct  5 09:09:26 nishtala kernel: [    0.000000]   5 base 220000000 mask FF0000000 write-back
Oct  5 09:09:26 nishtala kernel: [    0.000000]   6 base 22E000000 mask FFE000000 uncachable
Oct  5 09:09:26 nishtala kernel: [    0.000000]   7 base 0FFC00000 mask FFFC00000 write-protect
Oct  5 09:09:26 nishtala kernel: [    0.000000]   8 disabled
Oct  5 09:09:26 nishtala kernel: [    0.000000]   9 disabled
Oct  5 09:09:26 nishtala kernel: [    0.000000] x86 PAT enabled: cpu 0, old 0x7040600070406, new 0x7010600070106
Oct  5 09:09:26 nishtala kernel: [    0.000000] e820: last_pfn = 0xcf800 max_arch_pfn = 0x400000000
Oct  5 09:09:26 nishtala kernel: [    0.000000] found SMP MP-table at [mem 0x000f1d80-0x000f1d8f] mapped at [ffff8800000f1d80]
Oct  5 09:09:26 nishtala kernel: [    0.000000] Scanning 1 areas for low memory corruption
Oct  5 09:09:26 nishtala kernel: [    0.000000] Base memory trampoline at [ffff880000094000] 94000 size 24576
Oct  5 09:09:26 nishtala kernel: [    0.000000] init_memory_mapping: [mem 0x00000000-0x000fffff]
Oct  5 09:09:26 nishtala kernel: [    0.000000]  [mem 0x00000000-0x000fffff] page 4k
Oct  5 09:09:26 nishtala kernel: [    0.000000] BRK [0x01fdb000, 0x01fdbfff] PGTABLE
Oct  5 09:09:26 nishtala kernel: [    0.000000] BRK [0x01fdc000, 0x01fdcfff] PGTABLE
Oct  5 09:09:26 nishtala kernel: [    0.000000] BRK [0x01fdd000, 0x01fddfff] PGTABLE
Oct  5 09:09:26 nishtala kernel: [    0.000000] init_memory_mapping: [mem 0x22de00000-0x22dffffff]
Oct  5 09:09:26 nishtala kernel: [    0.000000]  [mem 0x22de00000-0x22dffffff] page 2M
Oct  5 09:09:26 nishtala kernel: [    0.000000] BRK [0x01fde000, 0x01fdefff] PGTABLE
Oct  5 09:09:26 nishtala kernel: [    0.000000] init_memory_mapping: [mem 0x22c000000-0x22ddfffff]
Oct  5 09:09:26 nishtala kernel: [    0.000000]  [mem 0x22c000000-0x22ddfffff] page 2M
Oct  5 09:09:26 nishtala kernel: [    0.000000] init_memory_mapping: [mem 0x200000000-0x22bffffff]
Oct  5 09:09:26 nishtala kernel: [    0.000000]  [mem 0x200000000-0x22bffffff] page 2M
Oct  5 09:09:26 nishtala kernel: [    0.000000] init_memory_mapping: [mem 0x00100000-0xcf21efff]
Oct  5 09:09:26 nishtala kernel: [    0.000000]  [mem 0x00100000-0x001fffff] page 4k
Oct  5 09:09:26 nishtala kernel: [    0.000000]  [mem 0x00200000-0xcf1fffff] page 2M
Oct  5 09:09:26 nishtala kernel: [    0.000000]  [mem 0xcf200000-0xcf21efff] page 4k
Oct  5 09:09:26 nishtala kernel: [    0.000000] init_memory_mapping: [mem 0xcf263000-0xcf5b6fff]
Oct  5 09:09:26 nishtala kernel: [    0.000000]  [mem 0xcf263000-0xcf5b6fff] page 4k
Oct  5 09:09:26 nishtala kernel: [    0.000000] BRK [0x01fdf000, 0x01fdffff] PGTABLE
Oct  5 09:09:26 nishtala kernel: [    0.000000] init_memory_mapping: [mem 0xcf7ff000-0xcf7fffff]
Oct  5 09:09:26 nishtala kernel: [    0.000000]  [mem 0xcf7ff000-0xcf7fffff] page 4k
Oct  5 09:09:26 nishtala kernel: [    0.000000] BRK [0x01fe0000, 0x01fe0fff] PGTABLE
Oct  5 09:09:26 nishtala kernel: [    0.000000] init_memory_mapping: [mem 0x100000000-0x1ffffffff]
Oct  5 09:09:26 nishtala kernel: [    0.000000]  [mem 0x100000000-0x1ffffffff] page 2M
Oct  5 09:09:26 nishtala kernel: [    0.000000] RAMDISK: [mem 0x35cac000-0x36e4dfff]
Oct  5 09:09:26 nishtala kernel: [    0.000000] ACPI: RSDP 00000000000fe300 000024 (v02 DELL  )
Oct  5 09:09:26 nishtala kernel: [    0.000000] ACPI: XSDT 00000000cf7fde18 000084 (v01 DELL    CBX3    06222004 MSFT 00010013)
Oct  5 09:09:26 nishtala kernel: [    0.000000] ACPI: FACP 00000000cf787d98 0000F4 (v04 DELL    CBX3    06222004 MSFT 00010013)
Oct  5 09:09:26 nishtala kernel: [    0.000000] ACPI BIOS Warning (bug): 32/64X FACS address mismatch in FADT: 0xCF7E4E40/0x00000000CF7E4D40, using 64-bit address (20131218/tbfadt-271)
Oct  5 09:09:26 nishtala kernel: [    0.000000] ACPI: DSDT 00000000cf755018 00885D (v02 INT430 SYSFexxx 00001001 INTL 20090903)
Oct  5 09:09:26 nishtala kernel: [    0.000000] ACPI: FACS 00000000cf7e4d40 000040
Oct  5 09:09:26 nishtala kernel: [    0.000000] ACPI: APIC 00000000cf7fcf18 0000CC (v02 DELL    CBX3    06222004 MSFT 00010013)
Oct  5 09:09:26 nishtala kernel: [    0.000000] ACPI: TCPA 00000000cf7e5d18 000032 (v02                 00000000      00000000)
Oct  5 09:09:26 nishtala kernel: [    0.000000] ACPI: SSDT 00000000cf788a98 0002F9 (v01 DELLTP      TPM 00003000 INTL 20090903)
Oct  5 09:09:26 nishtala kernel: [    0.000000] ACPI: MCFG 00000000cf7e5c98 00003C (v01 DELL   SNDYBRDG 06222004 MSFT 00000097)
Oct  5 09:09:26 nishtala kernel: [    0.000000] ACPI: HPET 00000000cf7e5c18 000038 (v01 A M I   PCHHPET 06222004 AMI. 00000003)
Oct  5 09:09:26 nishtala kernel: [    0.000000] ACPI: BOOT 00000000cf7e5b98 000028 (v01 DELL   CBX3     06222004 AMI  00010013)
Oct  5 09:09:26 nishtala kernel: [    0.000000] ACPI: SSDT 00000000cf76c018 000804 (v01  PmRef  Cpu0Ist 00003000 INTL 20090903)
Oct  5 09:09:26 nishtala kernel: [    0.000000] ACPI: SSDT 00000000cf76b018 000996 (v01  PmRef    CpuPm 00003000 INTL 20090903)
Oct  5 09:09:26 nishtala kernel: [    0.000000] ACPI: DMAR 00000000cf7e4a18 0000B0 (v01 INTEL      SNB  00000001 INTL 00000001)
Oct  5 09:09:26 nishtala kernel: [    0.000000] ACPI: SLIC 00000000cf775c18 000176 (v03 DELL    CBX3    06222004 MSFT 00010013)
Oct  5 09:09:26 nishtala kernel: [    0.000000] ACPI: SSDT 00000000cf773018 001806 (v01 NvdRef  NvdTabl 00001000 INTL 20090903)
Oct  5 09:09:26 nishtala kernel: [    0.000000] ACPI: Local APIC address 0xfee00000
Oct  5 09:09:26 nishtala kernel: [    0.000000] No NUMA configuration found
Oct  5 09:09:26 nishtala kernel: [    0.000000] Faking a node at [mem 0x0000000000000000-0x000000022dffffff]
Oct  5 09:09:26 nishtala kernel: [    0.000000] Initmem setup node 0 [mem 0x00000000-0x22dffffff]
Oct  5 09:09:26 nishtala kernel: [    0.000000]   NODE_DATA [mem 0x22dff3000-0x22dff7fff]
Oct  5 09:09:26 nishtala kernel: [    0.000000]  [ffffea0000000000-ffffea0008bfffff] PMD -> [ffff880225600000-ffff88022d5fffff] on node 0
Oct  5 09:09:26 nishtala kernel: [    0.000000] Zone ranges:
Oct  5 09:09:26 nishtala kernel: [    0.000000]   DMA      [mem 0x00001000-0x00ffffff]
Oct  5 09:09:26 nishtala kernel: [    0.000000]   DMA32    [mem 0x01000000-0xffffffff]
Oct  5 09:09:26 nishtala kernel: [    0.000000]   Normal   [mem 0x100000000-0x22dffffff]
Oct  5 09:09:26 nishtala kernel: [    0.000000] Movable zone start for each node
Oct  5 09:09:26 nishtala kernel: [    0.000000] Early memory node ranges
Oct  5 09:09:26 nishtala kernel: [    0.000000]   node   0: [mem 0x00001000-0x00099fff]
Oct  5 09:09:26 nishtala kernel: [    0.000000]   node   0: [mem 0x00100000-0xcf21efff]
Oct  5 09:09:26 nishtala kernel: [    0.000000]   node   0: [mem 0xcf263000-0xcf5b6fff]
Oct  5 09:09:26 nishtala kernel: [    0.000000]   node   0: [mem 0xcf7ff000-0xcf7fffff]
Oct  5 09:09:26 nishtala kernel: [    0.000000]   node   0: [mem 0x100000000-0x22dffffff]
Oct  5 09:09:26 nishtala kernel: [    0.000000] On node 0 totalpages: 2086157
Oct  5 09:09:26 nishtala kernel: [    0.000000]   DMA zone: 64 pages used for memmap
Oct  5 09:09:26 nishtala kernel: [    0.000000]   DMA zone: 21 pages reserved
Oct  5 09:09:26 nishtala kernel: [    0.000000]   DMA zone: 3993 pages, LIFO batch:0
Oct  5 09:09:26 nishtala kernel: [    0.000000]   DMA32 zone: 13206 pages used for memmap
Oct  5 09:09:26 nishtala kernel: [    0.000000]   DMA32 zone: 845172 pages, LIFO batch:31
Oct  5 09:09:26 nishtala kernel: [    0.000000]   Normal zone: 19328 pages used for memmap
Oct  5 09:09:26 nishtala kernel: [    0.000000]   Normal zone: 1236992 pages, LIFO batch:31
Oct  5 09:09:26 nishtala kernel: [    0.000000] ACPI: PM-Timer IO Port: 0x408
Oct  5 09:09:26 nishtala kernel: [    0.000000] ACPI: Local APIC address 0xfee00000
Oct  5 09:09:26 nishtala kernel: [    0.000000] ACPI: LAPIC (acpi_id[0x01] lapic_id[0x00] enabled)
Oct  5 09:09:26 nishtala kernel: [    0.000000] ACPI: LAPIC (acpi_id[0x02] lapic_id[0x02] enabled)
Oct  5 09:09:26 nishtala kernel: [    0.000000] ACPI: LAPIC (acpi_id[0x03] lapic_id[0x04] enabled)
Oct  5 09:09:26 nishtala kernel: [    0.000000] ACPI: LAPIC (acpi_id[0x04] lapic_id[0x06] enabled)
Oct  5 09:09:26 nishtala kernel: [    0.000000] ACPI: LAPIC (acpi_id[0x05] lapic_id[0x01] enabled)
Oct  5 09:09:26 nishtala kernel: [    0.000000] ACPI: LAPIC (acpi_id[0x06] lapic_id[0x03] enabled)
Oct  5 09:09:26 nishtala kernel: [    0.000000] ACPI: LAPIC (acpi_id[0x07] lapic_id[0x05] enabled)
Oct  5 09:09:26 nishtala kernel: [    0.000000] ACPI: LAPIC (acpi_id[0x08] lapic_id[0x07] enabled)
Oct  5 09:09:26 nishtala kernel: [    0.000000] ACPI: LAPIC (acpi_id[0x09] lapic_id[0x08] disabled)
Oct  5 09:09:26 nishtala kernel: [    0.000000] ACPI: LAPIC (acpi_id[0x0a] lapic_id[0x09] disabled)
Oct  5 09:09:26 nishtala kernel: [    0.000000] ACPI: LAPIC (acpi_id[0x0b] lapic_id[0x0a] disabled)
Oct  5 09:09:26 nishtala kernel: [    0.000000] ACPI: LAPIC (acpi_id[0x0c] lapic_id[0x0b] disabled)
Oct  5 09:09:26 nishtala kernel: [    0.000000] ACPI: LAPIC (acpi_id[0x0d] lapic_id[0x0c] disabled)
Oct  5 09:09:26 nishtala kernel: [    0.000000] ACPI: LAPIC (acpi_id[0x0e] lapic_id[0x0d] disabled)
Oct  5 09:09:26 nishtala kernel: [    0.000000] ACPI: LAPIC (acpi_id[0x0f] lapic_id[0x0e] disabled)
Oct  5 09:09:26 nishtala kernel: [    0.000000] ACPI: LAPIC (acpi_id[0x10] lapic_id[0x0f] disabled)
Oct  5 09:09:26 nishtala kernel: [    0.000000] ACPI: IOAPIC (id[0x02] address[0xfec00000] gsi_base[0])
Oct  5 09:09:26 nishtala kernel: [    0.000000] IOAPIC[0]: apic_id 2, version 32, address 0xfec00000, GSI 0-23
Oct  5 09:09:26 nishtala kernel: [    0.000000] ACPI: INT_SRC_OVR (bus 0 bus_irq 0 global_irq 2 dfl dfl)
Oct  5 09:09:26 nishtala kernel: [    0.000000] ACPI: INT_SRC_OVR (bus 0 bus_irq 9 global_irq 9 high level)
Oct  5 09:09:26 nishtala kernel: [    0.000000] ACPI: IRQ0 used by override.
Oct  5 09:09:26 nishtala kernel: [    0.000000] ACPI: IRQ2 used by override.
Oct  5 09:09:26 nishtala kernel: [    0.000000] ACPI: IRQ9 used by override.
Oct  5 09:09:26 nishtala kernel: [    0.000000] Using ACPI (MADT) for SMP configuration information
Oct  5 09:09:26 nishtala kernel: [    0.000000] ACPI: HPET id: 0x8086a701 base: 0xfed00000
Oct  5 09:09:26 nishtala kernel: [    0.000000] smpboot: Allowing 16 CPUs, 8 hotplug CPUs
Oct  5 09:09:26 nishtala kernel: [    0.000000] nr_irqs_gsi: 40
Oct  5 09:09:26 nishtala kernel: [    0.000000] PM: Registered nosave memory: [mem 0x0009a000-0x0009afff]
Oct  5 09:09:26 nishtala kernel: [    0.000000] PM: Registered nosave memory: [mem 0x0009b000-0x0009ffff]
Oct  5 09:09:26 nishtala kernel: [    0.000000] PM: Registered nosave memory: [mem 0x000a0000-0x000dffff]
Oct  5 09:09:26 nishtala kernel: [    0.000000] PM: Registered nosave memory: [mem 0x000e0000-0x000fffff]
Oct  5 09:09:26 nishtala kernel: [    0.000000] PM: Registered nosave memory: [mem 0xcf21f000-0xcf262fff]
Oct  5 09:09:26 nishtala kernel: [    0.000000] PM: Registered nosave memory: [mem 0xcf5b7000-0xcf5e6fff]
Oct  5 09:09:26 nishtala kernel: [    0.000000] PM: Registered nosave memory: [mem 0xcf5e7000-0xcf7e6fff]
Oct  5 09:09:26 nishtala kernel: [    0.000000] PM: Registered nosave memory: [mem 0xcf7e7000-0xcf7fefff]
Oct  5 09:09:26 nishtala kernel: [    0.000000] PM: Registered nosave memory: [mem 0xcf800000-0xfed1bfff]
Oct  5 09:09:26 nishtala kernel: [    0.000000] PM: Registered nosave memory: [mem 0xfed1c000-0xfed1ffff]
Oct  5 09:09:26 nishtala kernel: [    0.000000] PM: Registered nosave memory: [mem 0xfed20000-0xffbfffff]
Oct  5 09:09:26 nishtala kernel: [    0.000000] PM: Registered nosave memory: [mem 0xffc00000-0xffc1ffff]
Oct  5 09:09:26 nishtala kernel: [    0.000000] PM: Registered nosave memory: [mem 0xffc20000-0xffffffff]
Oct  5 09:09:26 nishtala kernel: [    0.000000] e820: [mem 0xcf800000-0xfed1bfff] available for PCI devices
Oct  5 09:09:26 nishtala kernel: [    0.000000] Booting paravirtualized kernel on bare hardware
Oct  5 09:09:26 nishtala kernel: [    0.000000] setup_percpu: NR_CPUS:256 nr_cpumask_bits:256 nr_cpu_ids:16 nr_node_ids:1
Oct  5 09:09:26 nishtala kernel: [    0.000000] PERCPU: Embedded 29 pages/cpu @ffff88022dc00000 s86528 r8192 d24064 u131072
Oct  5 09:09:26 nishtala kernel: [    0.000000] pcpu-alloc: s86528 r8192 d24064 u131072 alloc=1*2097152
Oct  5 09:09:26 nishtala kernel: [    0.000000] pcpu-alloc: [0] 00 01 02 03 04 05 06 07 08 09 10 11 12 13 14 15 
Oct  5 09:09:26 nishtala kernel: [    0.000000] Built 1 zonelists in Zone order, mobility grouping on.  Total pages: 2053538
Oct  5 09:09:26 nishtala kernel: [    0.000000] Policy zone: Normal
Oct  5 09:09:26 nishtala kernel: [    0.000000] Kernel command line: BOOT_IMAGE=/boot/vmlinuz-3.14.5-031405-generic root=UUID=07e074c5-613a-40bc-a2c2-29b6c69355af ro quiet splash intel_pstate=disable
Oct  5 09:09:26 nishtala kernel: [    0.000000] PID hash table entries: 4096 (order: 3, 32768 bytes)
Oct  5 09:09:26 nishtala kernel: [    0.000000] xsave: enabled xstate_bv 0x7, cntxt size 0x340
Oct  5 09:09:26 nishtala kernel: [    0.000000] Checking aperture...
Oct  5 09:09:26 nishtala kernel: [    0.000000] No AGP bridge found
Oct  5 09:09:26 nishtala kernel: [    0.000000] Calgary: detecting Calgary via BIOS EBDA area
Oct  5 09:09:26 nishtala kernel: [    0.000000] Calgary: Unable to locate Rio Grande table in EBDA - bailing!
Oct  5 09:09:26 nishtala kernel: [    0.000000] Memory: 8110940K/8344628K available (7675K kernel code, 1116K rwdata, 3604K rodata, 1356K init, 1432K bss, 233688K reserved)
Oct  5 09:09:26 nishtala kernel: [    0.000000] SLUB: HWalign=64, Order=0-3, MinObjects=0, CPUs=16, Nodes=1
Oct  5 09:09:26 nishtala kernel: [    0.000000] Hierarchical RCU implementation.
Oct  5 09:09:26 nishtala kernel: [    0.000000] 	RCU dyntick-idle grace-period acceleration is enabled.
Oct  5 09:09:26 nishtala kernel: [    0.000000] 	RCU restricting CPUs from NR_CPUS=256 to nr_cpu_ids=16.
Oct  5 09:09:26 nishtala kernel: [    0.000000] 	Offload RCU callbacks from all CPUs
Oct  5 09:09:26 nishtala kernel: [    0.000000] 	Offload RCU callbacks from CPUs: 0-15.
Oct  5 09:09:26 nishtala kernel: [    0.000000] RCU: Adjusting geometry for rcu_fanout_leaf=16, nr_cpu_ids=16
Oct  5 09:09:26 nishtala kernel: [    0.000000] NR_IRQS:16640 nr_irqs:808 16
Oct  5 09:09:26 nishtala kernel: [    0.000000] Console: colour VGA+ 80x25
Oct  5 09:09:26 nishtala kernel: [    0.000000] console [tty0] enabled
Oct  5 09:09:26 nishtala kernel: [    0.000000] allocated 33554432 bytes of page_cgroup
Oct  5 09:09:26 nishtala kernel: [    0.000000] please try 'cgroup_disable=memory' option if you don't want memory cgroups
Oct  5 09:09:26 nishtala kernel: [    0.000000] hpet clockevent registered
Oct  5 09:09:26 nishtala kernel: [    0.000000] tsc: Fast TSC calibration using PIT
Oct  5 09:09:26 nishtala kernel: [    0.000000] tsc: Detected 2394.463 MHz processor
Oct  5 09:09:26 nishtala kernel: [    0.000035] Calibrating delay loop (skipped), value calculated using timer frequency.. 4788.92 BogoMIPS (lpj=9577852)
Oct  5 09:09:26 nishtala kernel: [    0.000038] pid_max: default: 32768 minimum: 301
Oct  5 09:09:26 nishtala kernel: [    0.000045] ACPI: Core revision 20131218
Oct  5 09:09:26 nishtala kernel: [    0.005643] ACPI: All ACPI Tables successfully acquired
Oct  5 09:09:26 nishtala kernel: [    0.006608] Security Framework initialized
Oct  5 09:09:26 nishtala kernel: [    0.006620] AppArmor: AppArmor initialized
Oct  5 09:09:26 nishtala kernel: [    0.006621] Yama: becoming mindful.
Oct  5 09:09:26 nishtala kernel: [    0.007241] Dentry cache hash table entries: 1048576 (order: 11, 8388608 bytes)
Oct  5 09:09:26 nishtala kernel: [    0.008922] Inode-cache hash table entries: 524288 (order: 10, 4194304 bytes)
Oct  5 09:09:26 nishtala kernel: [    0.009614] Mount-cache hash table entries: 16384 (order: 5, 131072 bytes)
Oct  5 09:09:26 nishtala kernel: [    0.009625] Mountpoint-cache hash table entries: 16384 (order: 5, 131072 bytes)
Oct  5 09:09:26 nishtala kernel: [    0.009823] Initializing cgroup subsys memory
Oct  5 09:09:26 nishtala kernel: [    0.009828] Initializing cgroup subsys devices
Oct  5 09:09:26 nishtala kernel: [    0.009829] Initializing cgroup subsys freezer
Oct  5 09:09:26 nishtala kernel: [    0.009831] Initializing cgroup subsys net_cls
Oct  5 09:09:26 nishtala kernel: [    0.009832] Initializing cgroup subsys blkio
Oct  5 09:09:26 nishtala kernel: [    0.009833] Initializing cgroup subsys perf_event
Oct  5 09:09:26 nishtala kernel: [    0.009836] Initializing cgroup subsys net_prio
Oct  5 09:09:26 nishtala kernel: [    0.009837] Initializing cgroup subsys hugetlb
Oct  5 09:09:26 nishtala kernel: [    0.009862] CPU: Physical Processor ID: 0
Oct  5 09:09:26 nishtala kernel: [    0.009863] CPU: Processor Core ID: 0
Oct  5 09:09:26 nishtala kernel: [    0.009868] ENERGY_PERF_BIAS: Set to 'normal', was 'performance'
Oct  5 09:09:26 nishtala kernel: [    0.009868] ENERGY_PERF_BIAS: View and update with x86_energy_perf_policy(8)
Oct  5 09:09:26 nishtala kernel: [    0.009871] mce: CPU supports 9 MCE banks
Oct  5 09:09:26 nishtala kernel: [    0.009884] CPU0: Thermal monitoring enabled (TM1)
Oct  5 09:09:26 nishtala kernel: [    0.009895] Last level iTLB entries: 4KB 512, 2MB 8, 4MB 8
Oct  5 09:09:26 nishtala kernel: [    0.009895] Last level dTLB entries: 4KB 512, 2MB 32, 4MB 32, 1GB 0
Oct  5 09:09:26 nishtala kernel: [    0.009895] tlb_flushall_shift: 6
Oct  5 09:09:26 nishtala kernel: [    0.010000] Freeing SMP alternatives memory: 28K (ffffffff81e6c000 - ffffffff81e73000)
Oct  5 09:09:26 nishtala kernel: [    0.011505] ftrace: allocating 31643 entries in 124 pages
Oct  5 09:09:26 nishtala kernel: [    0.027021] dmar: Host address width 36
Oct  5 09:09:26 nishtala kernel: [    0.027024] dmar: DRHD base: 0x000000fed91000 flags: 0x1
Oct  5 09:09:26 nishtala kernel: [    0.027033] dmar: IOMMU 0: reg_base_addr fed91000 ver 1:0 cap c9008020660262 ecap f0105a
Oct  5 09:09:26 nishtala kernel: [    0.027034] dmar: RMRR base: 0x000000cf5c6000 end: 0x000000cf5d5fff
Oct  5 09:09:26 nishtala kernel: [    0.027105] IOAPIC id 2 under DRHD base  0xfed91000 IOMMU 0
Oct  5 09:09:26 nishtala kernel: [    0.027106] HPET id 0 under DRHD base 0xfed91000
Oct  5 09:09:26 nishtala kernel: [    0.027107] HPET id 0 under DRHD base 0xfed91000
Oct  5 09:09:26 nishtala kernel: [    0.027108] HPET id 0 under DRHD base 0xfed91000
Oct  5 09:09:26 nishtala kernel: [    0.027109] HPET id 0 under DRHD base 0xfed91000
Oct  5 09:09:26 nishtala kernel: [    0.027110] HPET id 0 under DRHD base 0xfed91000
Oct  5 09:09:26 nishtala kernel: [    0.027111] HPET id 0 under DRHD base 0xfed91000
Oct  5 09:09:26 nishtala kernel: [    0.027111] HPET id 0 under DRHD base 0xfed91000
Oct  5 09:09:26 nishtala kernel: [    0.027112] HPET id 0 under DRHD base 0xfed91000
Oct  5 09:09:26 nishtala kernel: [    0.027114] Queued invalidation will be enabled to support x2apic and Intr-remapping.
Oct  5 09:09:26 nishtala kernel: [    0.027201] Enabled IRQ remapping in x2apic mode
Oct  5 09:09:26 nishtala kernel: [    0.027202] Enabling x2apic
Oct  5 09:09:26 nishtala kernel: [    0.027203] Enabled x2apic
Oct  5 09:09:26 nishtala kernel: [    0.027209] Switched APIC routing to cluster x2apic.
Oct  5 09:09:26 nishtala kernel: [    0.027651] ..TIMER: vector=0x30 apic1=0 pin1=2 apic2=-1 pin2=-1
Oct  5 09:09:26 nishtala kernel: [    0.067367] smpboot: CPU0: Intel(R) Core(TM) i7-2760QM CPU @ 2.40GHz (fam: 06, model: 2a, stepping: 07)
Oct  5 09:09:26 nishtala kernel: [    0.067376] TSC deadline timer enabled
Oct  5 09:09:26 nishtala kernel: [    0.067387] Performance Events: PEBS fmt1+, 16-deep LBR, SandyBridge events, full-width counters, Intel PMU driver.
Oct  5 09:09:26 nishtala kernel: [    0.067395] ... version:                3
Oct  5 09:09:26 nishtala kernel: [    0.067396] ... bit width:              48
Oct  5 09:09:26 nishtala kernel: [    0.067397] ... generic registers:      4
Oct  5 09:09:26 nishtala kernel: [    0.067398] ... value mask:             0000ffffffffffff
Oct  5 09:09:26 nishtala kernel: [    0.067399] ... max period:             0000ffffffffffff
Oct  5 09:09:26 nishtala kernel: [    0.067400] ... fixed-purpose events:   3
Oct  5 09:09:26 nishtala kernel: [    0.067401] ... event mask:             000000070000000f
Oct  5 09:09:26 nishtala kernel: [    0.069148] x86: Booting SMP configuration:
Oct  5 09:09:26 nishtala kernel: [    0.069151] .... node  #0, CPUs:        #1
Oct  5 09:09:26 nishtala kernel: [    0.082339] NMI watchdog: enabled on all CPUs, permanently consumes one hw-PMU counter.
Oct  5 09:09:26 nishtala kernel: [    0.082426]   #2  #3  #4  #5  #6  #7
Oct  5 09:09:26 nishtala kernel: [    0.161310] x86: Booted up 1 node, 8 CPUs
Oct  5 09:09:26 nishtala kernel: [    0.161315] smpboot: Total of 8 processors activated (38311.40 BogoMIPS)
Oct  5 09:09:26 nishtala kernel: [    0.169112] devtmpfs: initialized
Oct  5 09:09:26 nishtala kernel: [    0.173778] EVM: security.selinux
Oct  5 09:09:26 nishtala kernel: [    0.173780] EVM: security.SMACK64
Oct  5 09:09:26 nishtala kernel: [    0.173781] EVM: security.ima
Oct  5 09:09:26 nishtala kernel: [    0.173782] EVM: security.capability
Oct  5 09:09:26 nishtala kernel: [    0.173831] PM: Registering ACPI NVS region [mem 0xcf5e7000-0xcf7e6fff] (2097152 bytes)
Oct  5 09:09:26 nishtala kernel: [    0.173863] reboot: Dell Latitude E6420 series board detected. Selecting PCI-method for reboots.
Oct  5 09:09:26 nishtala kernel: [    0.174689] pinctrl core: initialized pinctrl subsystem
Oct  5 09:09:26 nishtala kernel: [    0.174759] regulator-dummy: no parameters
Oct  5 09:09:26 nishtala kernel: [    0.174791] RTC time:  7:09:11, date: 10/05/15
Oct  5 09:09:26 nishtala kernel: [    0.174826] NET: Registered protocol family 16
Oct  5 09:09:26 nishtala kernel: [    0.174947] cpuidle: using governor ladder
Oct  5 09:09:26 nishtala kernel: [    0.174948] cpuidle: using governor menu
Oct  5 09:09:26 nishtala kernel: [    0.174986] ACPI FADT declares the system doesn't support PCIe ASPM, so disable it
Oct  5 09:09:26 nishtala kernel: [    0.174987] ACPI: bus type PCI registered
Oct  5 09:09:26 nishtala kernel: [    0.174989] acpiphp: ACPI Hot Plug PCI Controller Driver version: 0.5
Oct  5 09:09:26 nishtala kernel: [    0.175060] PCI: MMCONFIG for domain 0000 [bus 00-3f] at [mem 0xf8000000-0xfbffffff] (base 0xf8000000)
Oct  5 09:09:26 nishtala kernel: [    0.175062] PCI: not using MMCONFIG
Oct  5 09:09:26 nishtala kernel: [    0.175063] PCI: Using configuration type 1 for base access
Oct  5 09:09:26 nishtala kernel: [    0.175071] dmi type 0xB1 record - unknown flag
Oct  5 09:09:26 nishtala kernel: [    0.175391] mtrr: your CPUs had inconsistent fixed MTRR settings
Oct  5 09:09:26 nishtala kernel: [    0.175392] mtrr: your CPUs had inconsistent variable MTRR settings
Oct  5 09:09:26 nishtala kernel: [    0.175393] mtrr: probably your BIOS does not setup all CPUs.
Oct  5 09:09:26 nishtala kernel: [    0.175394] mtrr: corrected configuration.
Oct  5 09:09:26 nishtala kernel: [    0.176385] bio: create slab <bio-0> at 0
Oct  5 09:09:26 nishtala kernel: [    0.176543] ACPI: Added _OSI(Module Device)
Oct  5 09:09:26 nishtala kernel: [    0.176545] ACPI: Added _OSI(Processor Device)
Oct  5 09:09:26 nishtala kernel: [    0.176546] ACPI: Added _OSI(3.0 _SCP Extensions)
Oct  5 09:09:26 nishtala kernel: [    0.176547] ACPI: Added _OSI(Processor Aggregator Device)
Oct  5 09:09:26 nishtala kernel: [    0.181523] [Firmware Bug]: ACPI: BIOS _OSI(Linux) query ignored
Oct  5 09:09:26 nishtala kernel: [    0.233315] ACPI: SSDT 00000000cf5d7798 000727 (v01  PmRef  Cpu0Cst 00003001 INTL 20090903)
Oct  5 09:09:26 nishtala kernel: [    0.233654] ACPI: Dynamic OEM Table Load:
Oct  5 09:09:26 nishtala kernel: [    0.233656] ACPI: SSDT           (null) 000727 (v01  PmRef  Cpu0Cst 00003001 INTL 20090903)
Oct  5 09:09:26 nishtala kernel: [    0.241219] ACPI: SSDT 00000000cf5d8a98 000303 (v01  PmRef    ApIst 00003000 INTL 20090903)
Oct  5 09:09:26 nishtala kernel: [    0.241579] ACPI: Dynamic OEM Table Load:
Oct  5 09:09:26 nishtala kernel: [    0.241580] ACPI: SSDT           (null) 000303 (v01  PmRef    ApIst 00003000 INTL 20090903)
Oct  5 09:09:26 nishtala kernel: [    0.249110] ACPI: SSDT 00000000cf5d6d98 000119 (v01  PmRef    ApCst 00003000 INTL 20090903)
Oct  5 09:09:26 nishtala kernel: [    0.249435] ACPI: Dynamic OEM Table Load:
Oct  5 09:09:26 nishtala kernel: [    0.249437] ACPI: SSDT           (null) 000119 (v01  PmRef    ApCst 00003000 INTL 20090903)
Oct  5 09:09:26 nishtala kernel: [    0.281144] ACPI: Interpreter enabled
Oct  5 09:09:26 nishtala kernel: [    0.281151] ACPI Exception: AE_NOT_FOUND, While evaluating Sleep State [\_S1_] (20131218/hwxface-580)
Oct  5 09:09:26 nishtala kernel: [    0.281155] ACPI Exception: AE_NOT_FOUND, While evaluating Sleep State [\_S2_] (20131218/hwxface-580)
Oct  5 09:09:26 nishtala kernel: [    0.281169] ACPI: (supports S0 S3 S4 S5)
Oct  5 09:09:26 nishtala kernel: [    0.281170] ACPI: Using IOAPIC for interrupt routing
Oct  5 09:09:26 nishtala kernel: [    0.281186] PCI: MMCONFIG for domain 0000 [bus 00-3f] at [mem 0xf8000000-0xfbffffff] (base 0xf8000000)
Oct  5 09:09:26 nishtala kernel: [    0.281541] PCI: MMCONFIG at [mem 0xf8000000-0xfbffffff] reserved in ACPI motherboard resources
Oct  5 09:09:26 nishtala kernel: [    0.286772] PCI: Using host bridge windows from ACPI; if necessary, use "pci=nocrs" and report a bug
Oct  5 09:09:26 nishtala kernel: [    0.301216] ACPI: No dock devices found.
Oct  5 09:09:26 nishtala kernel: [    0.646881] ACPI: PCI Root Bridge [PCI0] (domain 0000 [bus 00-3e])
Oct  5 09:09:26 nishtala kernel: [    0.646887] acpi PNP0A08:00: _OSC: OS supports [ExtendedConfig ASPM ClockPM Segments MSI]
Oct  5 09:09:26 nishtala kernel: [    0.646918] \_SB_.PCI0:_OSC invalid UUID
Oct  5 09:09:26 nishtala kernel: [    0.646919] _OSC request data:1 1f 0 
Oct  5 09:09:26 nishtala kernel: [    0.646922] acpi PNP0A08:00: _OSC failed (AE_ERROR); disabling ASPM
Oct  5 09:09:26 nishtala kernel: [    0.647587] PCI host bridge to bus 0000:00
Oct  5 09:09:26 nishtala kernel: [    0.647590] pci_bus 0000:00: root bus resource [bus 00-3e]
Oct  5 09:09:26 nishtala kernel: [    0.647592] pci_bus 0000:00: root bus resource [io  0x0000-0x0cf7]
Oct  5 09:09:26 nishtala kernel: [    0.647594] pci_bus 0000:00: root bus resource [io  0x0d00-0xffff]
Oct  5 09:09:26 nishtala kernel: [    0.647595] pci_bus 0000:00: root bus resource [mem 0x000a0000-0x000bffff]
Oct  5 09:09:26 nishtala kernel: [    0.647597] pci_bus 0000:00: root bus resource [mem 0xd0000000-0xfeafffff]
Oct  5 09:09:26 nishtala kernel: [    0.647599] pci_bus 0000:00: root bus resource [mem 0xfed40000-0xfed44fff]
Oct  5 09:09:26 nishtala kernel: [    0.647607] pci 0000:00:00.0: [8086:0104] type 00 class 0x060000
Oct  5 09:09:26 nishtala kernel: [    0.647690] pci 0000:00:01.0: [8086:0101] type 01 class 0x060400
Oct  5 09:09:26 nishtala kernel: [    0.647722] pci 0000:00:01.0: PME# supported from D0 D3hot D3cold
Oct  5 09:09:26 nishtala kernel: [    0.647755] pci 0000:00:01.0: System wakeup disabled by ACPI
Oct  5 09:09:26 nishtala kernel: [    0.647822] pci 0000:00:16.0: [8086:1c3a] type 00 class 0x078000
Oct  5 09:09:26 nishtala kernel: [    0.647848] pci 0000:00:16.0: reg 0x10: [mem 0xe67b0000-0xe67b000f 64bit]
Oct  5 09:09:26 nishtala kernel: [    0.647927] pci 0000:00:16.0: PME# supported from D0 D3hot D3cold
Oct  5 09:09:26 nishtala kernel: [    0.648007] pci 0000:00:19.0: [8086:1502] type 00 class 0x020000
Oct  5 09:09:26 nishtala kernel: [    0.648028] pci 0000:00:19.0: reg 0x10: [mem 0xe6700000-0xe671ffff]
Oct  5 09:09:26 nishtala kernel: [    0.648037] pci 0000:00:19.0: reg 0x14: [mem 0xe6780000-0xe6780fff]
Oct  5 09:09:26 nishtala kernel: [    0.648047] pci 0000:00:19.0: reg 0x18: [io  0x5040-0x505f]
Oct  5 09:09:26 nishtala kernel: [    0.648111] pci 0000:00:19.0: PME# supported from D0 D3hot D3cold
Oct  5 09:09:26 nishtala kernel: [    0.653926] pci 0000:00:19.0: System wakeup disabled by ACPI
Oct  5 09:09:26 nishtala kernel: [    0.653977] pci 0000:00:1a.0: [8086:1c2d] type 00 class 0x0c0320
Oct  5 09:09:26 nishtala kernel: [    0.654001] pci 0000:00:1a.0: reg 0x10: [mem 0xe6770000-0xe67703ff]
Oct  5 09:09:26 nishtala kernel: [    0.654094] pci 0000:00:1a.0: PME# supported from D0 D3hot D3cold
Oct  5 09:09:26 nishtala kernel: [    0.654136] pci 0000:00:1a.0: System wakeup disabled by ACPI
Oct  5 09:09:26 nishtala kernel: [    0.654181] pci 0000:00:1b.0: [8086:1c20] type 00 class 0x040300
Oct  5 09:09:26 nishtala kernel: [    0.654199] pci 0000:00:1b.0: reg 0x10: [mem 0xe6760000-0xe6763fff 64bit]
Oct  5 09:09:26 nishtala kernel: [    0.654275] pci 0000:00:1b.0: PME# supported from D0 D3hot D3cold
Oct  5 09:09:26 nishtala kernel: [    0.654314] pci 0000:00:1b.0: System wakeup disabled by ACPI
Oct  5 09:09:26 nishtala kernel: [    0.654357] pci 0000:00:1c.0: [8086:1c10] type 01 class 0x060400
Oct  5 09:09:26 nishtala kernel: [    0.654493] pci 0000:00:1c.0: PME# supported from D0 D3hot D3cold
Oct  5 09:09:26 nishtala kernel: [    0.654543] pci 0000:00:1c.0: System wakeup disabled by ACPI
Oct  5 09:09:26 nishtala kernel: [    0.654586] pci 0000:00:1c.1: [8086:1c12] type 01 class 0x060400
Oct  5 09:09:26 nishtala kernel: [    0.654723] pci 0000:00:1c.1: PME# supported from D0 D3hot D3cold
Oct  5 09:09:26 nishtala kernel: [    0.654773] pci 0000:00:1c.1: System wakeup disabled by ACPI
Oct  5 09:09:26 nishtala kernel: [    0.654815] pci 0000:00:1c.2: [8086:1c14] type 01 class 0x060400
Oct  5 09:09:26 nishtala kernel: [    0.654951] pci 0000:00:1c.2: PME# supported from D0 D3hot D3cold
Oct  5 09:09:26 nishtala kernel: [    0.655000] pci 0000:00:1c.2: System wakeup disabled by ACPI
Oct  5 09:09:26 nishtala kernel: [    0.655042] pci 0000:00:1c.3: [8086:1c16] type 01 class 0x060400
Oct  5 09:09:26 nishtala kernel: [    0.655177] pci 0000:00:1c.3: PME# supported from D0 D3hot D3cold
Oct  5 09:09:26 nishtala kernel: [    0.655226] pci 0000:00:1c.3: System wakeup disabled by ACPI
Oct  5 09:09:26 nishtala kernel: [    0.655267] pci 0000:00:1c.5: [8086:1c1a] type 01 class 0x060400
Oct  5 09:09:26 nishtala kernel: [    0.655356] pci 0000:00:1c.5: PME# supported from D0 D3hot D3cold
Oct  5 09:09:26 nishtala kernel: [    0.655400] pci 0000:00:1c.5: System wakeup disabled by ACPI
Oct  5 09:09:26 nishtala kernel: [    0.655445] pci 0000:00:1d.0: [8086:1c26] type 00 class 0x0c0320
Oct  5 09:09:26 nishtala kernel: [    0.655468] pci 0000:00:1d.0: reg 0x10: [mem 0xe6750000-0xe67503ff]
Oct  5 09:09:26 nishtala kernel: [    0.655559] pci 0000:00:1d.0: PME# supported from D0 D3hot D3cold
Oct  5 09:09:26 nishtala kernel: [    0.655598] pci 0000:00:1d.0: System wakeup disabled by ACPI
Oct  5 09:09:26 nishtala kernel: [    0.655641] pci 0000:00:1f.0: [8086:1c4f] type 00 class 0x060100
Oct  5 09:09:26 nishtala kernel: [    0.655815] pci 0000:00:1f.2: [8086:1c03] type 00 class 0x010601
Oct  5 09:09:26 nishtala kernel: [    0.655835] pci 0000:00:1f.2: reg 0x10: [io  0x5090-0x5097]
Oct  5 09:09:26 nishtala kernel: [    0.655843] pci 0000:00:1f.2: reg 0x14: [io  0x5080-0x5083]
Oct  5 09:09:26 nishtala kernel: [    0.655851] pci 0000:00:1f.2: reg 0x18: [io  0x5070-0x5077]
Oct  5 09:09:26 nishtala kernel: [    0.655859] pci 0000:00:1f.2: reg 0x1c: [io  0x5060-0x5063]
Oct  5 09:09:26 nishtala kernel: [    0.655868] pci 0000:00:1f.2: reg 0x20: [io  0x5020-0x503f]
Oct  5 09:09:26 nishtala kernel: [    0.655876] pci 0000:00:1f.2: reg 0x24: [mem 0xe6740000-0xe67407ff]
Oct  5 09:09:26 nishtala kernel: [    0.655923] pci 0000:00:1f.2: PME# supported from D3hot
Oct  5 09:09:26 nishtala kernel: [    0.655992] pci 0000:00:1f.3: [8086:1c22] type 00 class 0x0c0500
Oct  5 09:09:26 nishtala kernel: [    0.656009] pci 0000:00:1f.3: reg 0x10: [mem 0xe6730000-0xe67300ff 64bit]
Oct  5 09:09:26 nishtala kernel: [    0.656030] pci 0000:00:1f.3: reg 0x20: [io  0x5000-0x501f]
Oct  5 09:09:26 nishtala kernel: [    0.656164] pci 0000:01:00.0: [10de:1056] type 00 class 0x030000
Oct  5 09:09:26 nishtala kernel: [    0.656174] pci 0000:01:00.0: reg 0x10: [mem 0xe4000000-0xe4ffffff]
Oct  5 09:09:26 nishtala kernel: [    0.656183] pci 0000:01:00.0: reg 0x14: [mem 0xd0000000-0xdfffffff 64bit pref]
Oct  5 09:09:26 nishtala kernel: [    0.656192] pci 0000:01:00.0: reg 0x1c: [mem 0xe0000000-0xe1ffffff 64bit pref]
Oct  5 09:09:26 nishtala kernel: [    0.656198] pci 0000:01:00.0: reg 0x24: [io  0x4000-0x407f]
Oct  5 09:09:26 nishtala kernel: [    0.656205] pci 0000:01:00.0: reg 0x30: [mem 0xe5000000-0xe507ffff pref]
Oct  5 09:09:26 nishtala kernel: [    0.656282] pci 0000:01:00.1: [10de:0e08] type 00 class 0x040300
Oct  5 09:09:26 nishtala kernel: [    0.656290] pci 0000:01:00.1: reg 0x10: [mem 0xe5080000-0xe5083fff]
Oct  5 09:09:26 nishtala kernel: [    0.661971] pci 0000:00:01.0: PCI bridge to [bus 01]
Oct  5 09:09:26 nishtala kernel: [    0.661980] pci 0000:00:01.0:   bridge window [io  0x4000-0x4fff]
Oct  5 09:09:26 nishtala kernel: [    0.661987] pci 0000:00:01.0:   bridge window [mem 0xe4000000-0xe50fffff]
Oct  5 09:09:26 nishtala kernel: [    0.661996] pci 0000:00:01.0:   bridge window [mem 0xd0000000-0xe1ffffff 64bit pref]
Oct  5 09:09:26 nishtala kernel: [    0.662102] pci 0000:00:1c.0: PCI bridge to [bus 02]
Oct  5 09:09:26 nishtala kernel: [    0.662264] pci 0000:03:00.0: [14e4:4359] type 00 class 0x028000
Oct  5 09:09:26 nishtala kernel: [    0.662296] pci 0000:03:00.0: reg 0x10: [mem 0xe6600000-0xe6603fff 64bit]
Oct  5 09:09:26 nishtala kernel: [    0.662490] pci 0000:03:00.0: supports D1 D2
Oct  5 09:09:26 nishtala kernel: [    0.662491] pci 0000:03:00.0: PME# supported from D0 D3hot D3cold
Oct  5 09:09:26 nishtala kernel: [    0.662534] pci 0000:03:00.0: System wakeup disabled by ACPI
Oct  5 09:09:26 nishtala kernel: [    0.670026] pci 0000:00:1c.1: PCI bridge to [bus 03]
Oct  5 09:09:26 nishtala kernel: [    0.670032] pci 0000:00:1c.1:   bridge window [mem 0xe6600000-0xe66fffff]
Oct  5 09:09:26 nishtala kernel: [    0.670127] acpiphp: Slot [1] registered
Oct  5 09:09:26 nishtala kernel: [    0.670134] pci 0000:00:1c.2: PCI bridge to [bus 04-09]
Oct  5 09:09:26 nishtala kernel: [    0.670139] pci 0000:00:1c.2:   bridge window [io  0x3000-0x3fff]
Oct  5 09:09:26 nishtala kernel: [    0.670143] pci 0000:00:1c.2:   bridge window [mem 0xe5b00000-0xe64fffff]
Oct  5 09:09:26 nishtala kernel: [    0.670150] pci 0000:00:1c.2:   bridge window [mem 0xe2b00000-0xe34fffff 64bit pref]
Oct  5 09:09:26 nishtala kernel: [    0.670218] pci 0000:00:1c.3: PCI bridge to [bus 0a]
Oct  5 09:09:26 nishtala kernel: [    0.670222] pci 0000:00:1c.3:   bridge window [io  0x2000-0x2fff]
Oct  5 09:09:26 nishtala kernel: [    0.670227] pci 0000:00:1c.3:   bridge window [mem 0xe5100000-0xe5afffff]
Oct  5 09:09:26 nishtala kernel: [    0.670233] pci 0000:00:1c.3:   bridge window [mem 0xe2100000-0xe2afffff 64bit pref]
Oct  5 09:09:26 nishtala kernel: [    0.670352] pci 0000:0b:00.0: [1217:8221] type 00 class 0x080501
Oct  5 09:09:26 nishtala kernel: [    0.670391] pci 0000:0b:00.0: reg 0x10: [mem 0xe6520000-0xe65201ff]
Oct  5 09:09:26 nishtala kernel: [    0.670703] pci 0000:0b:00.0: supports D1 D2
Oct  5 09:09:26 nishtala kernel: [    0.670704] pci 0000:0b:00.0: PME# supported from D0 D1 D2 D3hot D3cold
Oct  5 09:09:26 nishtala kernel: [    0.670756] pci 0000:0b:00.0: System wakeup disabled by ACPI
Oct  5 09:09:26 nishtala kernel: [    0.670835] pci 0000:0b:00.1: [1217:8231] type 00 class 0x018000
Oct  5 09:09:26 nishtala kernel: [    0.670871] pci 0000:0b:00.1: reg 0x10: [mem 0xe6510000-0xe6510fff]
Oct  5 09:09:26 nishtala kernel: [    0.670928] pci 0000:0b:00.1: reg 0x18: [mem 0xe6500000-0xe65007ff]
Oct  5 09:09:26 nishtala kernel: [    0.671186] pci 0000:0b:00.1: supports D1 D2
Oct  5 09:09:26 nishtala kernel: [    0.671188] pci 0000:0b:00.1: PME# supported from D0 D1 D2 D3hot D3cold
Oct  5 09:09:26 nishtala kernel: [    0.678042] pci 0000:00:1c.5: PCI bridge to [bus 0b]
Oct  5 09:09:26 nishtala kernel: [    0.678048] pci 0000:00:1c.5:   bridge window [mem 0xe6500000-0xe65fffff]
Oct  5 09:09:26 nishtala kernel: [    0.710100] ACPI: PCI Interrupt Link [LNKA] (IRQs 1 3 4 5 6 7 10 12 14 15) *11
Oct  5 09:09:26 nishtala kernel: [    0.710147] ACPI: PCI Interrupt Link [LNKB] (IRQs 1 3 4 5 6 7 11 12 14 15) *10
Oct  5 09:09:26 nishtala kernel: [    0.710192] ACPI: PCI Interrupt Link [LNKC] (IRQs 1 3 4 5 6 7 10 12 14 15) *11
Oct  5 09:09:26 nishtala kernel: [    0.710236] ACPI: PCI Interrupt Link [LNKD] (IRQs 1 3 4 5 6 7 11 12 14 15) *10
Oct  5 09:09:26 nishtala kernel: [    0.710280] ACPI: PCI Interrupt Link [LNKE] (IRQs 1 3 4 *5 6 7 10 12 14 15)
Oct  5 09:09:26 nishtala kernel: [    0.710324] ACPI: PCI Interrupt Link [LNKF] (IRQs 1 3 4 5 6 7 11 12 14 15) *0, disabled.
Oct  5 09:09:26 nishtala kernel: [    0.710368] ACPI: PCI Interrupt Link [LNKG] (IRQs 1 *3 4 5 6 7 10 12 14 15)
Oct  5 09:09:26 nishtala kernel: [    0.710412] ACPI: PCI Interrupt Link [LNKH] (IRQs 1 3 4 5 6 7 11 12 14 15) *0, disabled.
Oct  5 09:09:26 nishtala kernel: [    0.750403] ACPI: Enabled 2 GPEs in block 00 to 3F
Oct  5 09:09:26 nishtala kernel: [    0.750453] ACPI : EC: GPE = 0x10, I/O: command/status = 0x934, data = 0x930
Oct  5 09:09:26 nishtala kernel: [    0.750554] vgaarb: device added: PCI:0000:01:00.0,decodes=io+mem,owns=io+mem,locks=none
Oct  5 09:09:26 nishtala kernel: [    0.750556] vgaarb: loaded
Oct  5 09:09:26 nishtala kernel: [    0.750557] vgaarb: bridge control possible 0000:01:00.0
Oct  5 09:09:26 nishtala kernel: [    0.750728] SCSI subsystem initialized
Oct  5 09:09:26 nishtala kernel: [    0.750780] libata version 3.00 loaded.
Oct  5 09:09:26 nishtala kernel: [    0.750802] ACPI: bus type USB registered
Oct  5 09:09:26 nishtala kernel: [    0.750819] usbcore: registered new interface driver usbfs
Oct  5 09:09:26 nishtala kernel: [    0.750828] usbcore: registered new interface driver hub
Oct  5 09:09:26 nishtala kernel: [    0.750847] usbcore: registered new device driver usb
Oct  5 09:09:26 nishtala kernel: [    0.750960] PCI: Using ACPI for IRQ routing
Oct  5 09:09:26 nishtala kernel: [    0.752580] PCI: pci_cache_line_size set to 64 bytes
Oct  5 09:09:26 nishtala kernel: [    0.752680] e820: reserve RAM buffer [mem 0x0009a800-0x0009ffff]
Oct  5 09:09:26 nishtala kernel: [    0.752681] e820: reserve RAM buffer [mem 0xcf21f000-0xcfffffff]
Oct  5 09:09:26 nishtala kernel: [    0.752683] e820: reserve RAM buffer [mem 0xcf5b7000-0xcfffffff]
Oct  5 09:09:26 nishtala kernel: [    0.752684] e820: reserve RAM buffer [mem 0xcf800000-0xcfffffff]
Oct  5 09:09:26 nishtala kernel: [    0.752686] e820: reserve RAM buffer [mem 0x22e000000-0x22fffffff]
Oct  5 09:09:26 nishtala kernel: [    0.752773] NetLabel: Initializing
Oct  5 09:09:26 nishtala kernel: [    0.752775] NetLabel:  domain hash size = 128
Oct  5 09:09:26 nishtala kernel: [    0.752775] NetLabel:  protocols = UNLABELED CIPSOv4
Oct  5 09:09:26 nishtala kernel: [    0.752788] NetLabel:  unlabeled traffic allowed by default
Oct  5 09:09:26 nishtala kernel: [    0.752844] hpet0: at MMIO 0xfed00000, IRQs 2, 8, 0, 0, 0, 0, 0, 0
Oct  5 09:09:26 nishtala kernel: [    0.752849] hpet0: 8 comparators, 64-bit 14.318180 MHz counter
Oct  5 09:09:26 nishtala kernel: [    0.754893] Switched to clocksource hpet
Oct  5 09:09:26 nishtala kernel: [    0.759882] AppArmor: AppArmor Filesystem Enabled
Oct  5 09:09:26 nishtala kernel: [    0.759908] pnp: PnP ACPI init
Oct  5 09:09:26 nishtala kernel: [    0.759923] ACPI: bus type PNP registered
Oct  5 09:09:26 nishtala kernel: [    0.759957] pnp 00:00: [dma 4]
Oct  5 09:09:26 nishtala kernel: [    0.759981] pnp 00:00: Plug and Play ACPI device, IDs PNP0200 (active)
Oct  5 09:09:26 nishtala kernel: [    0.760004] pnp 00:01: Plug and Play ACPI device, IDs INT0800 (active)
Oct  5 09:09:26 nishtala kernel: [    0.760115] system 00:02: [mem 0xfed00000-0xfed003ff] has been reserved
Oct  5 09:09:26 nishtala kernel: [    0.760118] system 00:02: Plug and Play ACPI device, IDs PNP0103 PNP0c01 (active)
Oct  5 09:09:26 nishtala kernel: [    0.760153] pnp 00:03: Plug and Play ACPI device, IDs PNP0c04 (active)
Oct  5 09:09:26 nishtala kernel: [    0.760193] system 00:04: [io  0x0680-0x069f] has been reserved
Oct  5 09:09:26 nishtala kernel: [    0.760195] system 00:04: [io  0x1000-0x100f] has been reserved
Oct  5 09:09:26 nishtala kernel: [    0.760197] system 00:04: [io  0xffff] has been reserved
Oct  5 09:09:26 nishtala kernel: [    0.760199] system 00:04: [io  0xffff] has been reserved
Oct  5 09:09:26 nishtala kernel: [    0.760201] system 00:04: [io  0x0400-0x047f] could not be reserved
Oct  5 09:09:26 nishtala kernel: [    0.760203] system 00:04: [io  0x0500-0x057f] has been reserved
Oct  5 09:09:26 nishtala kernel: [    0.760205] system 00:04: [io  0x164e-0x164f] has been reserved
Oct  5 09:09:26 nishtala kernel: [    0.760207] system 00:04: Plug and Play ACPI device, IDs PNP0c02 (active)
Oct  5 09:09:26 nishtala kernel: [    0.760234] pnp 00:05: Plug and Play ACPI device, IDs PNP0b00 (active)
Oct  5 09:09:26 nishtala kernel: [    0.760263] pnp 00:06: Plug and Play ACPI device, IDs PNP0303 (active)
Oct  5 09:09:26 nishtala kernel: [    0.783061] pnp 00:07: Plug and Play ACPI device, IDs PNP0401 (disabled)
Oct  5 09:09:26 nishtala kernel: [    0.783092] pnp 00:08: Plug and Play ACPI device, IDs DLL0493 PNP0f13 (active)
Oct  5 09:09:26 nishtala kernel: [    0.783269] system 00:09: [mem 0xfed1c000-0xfed1ffff] has been reserved
Oct  5 09:09:26 nishtala kernel: [    0.783273] system 00:09: [mem 0xfed10000-0xfed17fff] has been reserved
Oct  5 09:09:26 nishtala kernel: [    0.783275] system 00:09: [mem 0xfed18000-0xfed18fff] has been reserved
Oct  5 09:09:26 nishtala kernel: [    0.783277] system 00:09: [mem 0xfed19000-0xfed19fff] has been reserved
Oct  5 09:09:26 nishtala kernel: [    0.783279] system 00:09: [mem 0xf8000000-0xfbffffff] has been reserved
Oct  5 09:09:26 nishtala kernel: [    0.783281] system 00:09: [mem 0xfed20000-0xfed3ffff] has been reserved
Oct  5 09:09:26 nishtala kernel: [    0.783283] system 00:09: [mem 0xfed90000-0xfed93fff] could not be reserved
Oct  5 09:09:26 nishtala kernel: [    0.783284] system 00:09: [mem 0xfed45000-0xfed8ffff] has been reserved
Oct  5 09:09:26 nishtala kernel: [    0.783286] system 00:09: [mem 0xff000000-0xffffffff] could not be reserved
Oct  5 09:09:26 nishtala kernel: [    0.783288] system 00:09: [mem 0xfee00000-0xfeefffff] has been reserved
Oct  5 09:09:26 nishtala kernel: [    0.783291] system 00:09: Plug and Play ACPI device, IDs PNP0c02 (active)
Oct  5 09:09:26 nishtala kernel: [    0.791070] pnp 00:0a: Plug and Play ACPI device, IDs SMO8800 (active)
Oct  5 09:09:26 nishtala kernel: [    0.831342] system 00:0b: Plug and Play ACPI device, IDs PNP0c01 (active)
Oct  5 09:09:26 nishtala kernel: [    0.831351] pnp: PnP ACPI: found 12 devices
Oct  5 09:09:26 nishtala kernel: [    0.831352] ACPI: bus type PNP unregistered
Oct  5 09:09:26 nishtala kernel: [    0.837925] pci 0000:00:01.0: PCI bridge to [bus 01]
Oct  5 09:09:26 nishtala kernel: [    0.837928] pci 0000:00:01.0:   bridge window [io  0x4000-0x4fff]
Oct  5 09:09:26 nishtala kernel: [    0.837931] pci 0000:00:01.0:   bridge window [mem 0xe4000000-0xe50fffff]
Oct  5 09:09:26 nishtala kernel: [    0.837934] pci 0000:00:01.0:   bridge window [mem 0xd0000000-0xe1ffffff 64bit pref]
Oct  5 09:09:26 nishtala kernel: [    0.837937] pci 0000:00:1c.0: PCI bridge to [bus 02]
Oct  5 09:09:26 nishtala kernel: [    0.837954] pci 0000:00:1c.1: PCI bridge to [bus 03]
Oct  5 09:09:26 nishtala kernel: [    0.837961] pci 0000:00:1c.1:   bridge window [mem 0xe6600000-0xe66fffff]
Oct  5 09:09:26 nishtala kernel: [    0.837973] pci 0000:00:1c.2: PCI bridge to [bus 04-09]
Oct  5 09:09:26 nishtala kernel: [    0.837976] pci 0000:00:1c.2:   bridge window [io  0x3000-0x3fff]
Oct  5 09:09:26 nishtala kernel: [    0.837983] pci 0000:00:1c.2:   bridge window [mem 0xe5b00000-0xe64fffff]
Oct  5 09:09:26 nishtala kernel: [    0.837988] pci 0000:00:1c.2:   bridge window [mem 0xe2b00000-0xe34fffff 64bit pref]
Oct  5 09:09:26 nishtala kernel: [    0.837997] pci 0000:00:1c.3: PCI bridge to [bus 0a]
Oct  5 09:09:26 nishtala kernel: [    0.838001] pci 0000:00:1c.3:   bridge window [io  0x2000-0x2fff]
Oct  5 09:09:26 nishtala kernel: [    0.838007] pci 0000:00:1c.3:   bridge window [mem 0xe5100000-0xe5afffff]
Oct  5 09:09:26 nishtala kernel: [    0.838013] pci 0000:00:1c.3:   bridge window [mem 0xe2100000-0xe2afffff 64bit pref]
Oct  5 09:09:26 nishtala kernel: [    0.838021] pci 0000:00:1c.5: PCI bridge to [bus 0b]
Oct  5 09:09:26 nishtala kernel: [    0.838027] pci 0000:00:1c.5:   bridge window [mem 0xe6500000-0xe65fffff]
Oct  5 09:09:26 nishtala kernel: [    0.838037] pci_bus 0000:00: resource 4 [io  0x0000-0x0cf7]
Oct  5 09:09:26 nishtala kernel: [    0.838038] pci_bus 0000:00: resource 5 [io  0x0d00-0xffff]
Oct  5 09:09:26 nishtala kernel: [    0.838040] pci_bus 0000:00: resource 6 [mem 0x000a0000-0x000bffff]
Oct  5 09:09:26 nishtala kernel: [    0.838042] pci_bus 0000:00: resource 7 [mem 0xd0000000-0xfeafffff]
Oct  5 09:09:26 nishtala kernel: [    0.838043] pci_bus 0000:00: resource 8 [mem 0xfed40000-0xfed44fff]
Oct  5 09:09:26 nishtala kernel: [    0.838045] pci_bus 0000:01: resource 0 [io  0x4000-0x4fff]
Oct  5 09:09:26 nishtala kernel: [    0.838047] pci_bus 0000:01: resource 1 [mem 0xe4000000-0xe50fffff]
Oct  5 09:09:26 nishtala kernel: [    0.838049] pci_bus 0000:01: resource 2 [mem 0xd0000000-0xe1ffffff 64bit pref]
Oct  5 09:09:26 nishtala kernel: [    0.838051] pci_bus 0000:03: resource 1 [mem 0xe6600000-0xe66fffff]
Oct  5 09:09:26 nishtala kernel: [    0.838053] pci_bus 0000:04: resource 0 [io  0x3000-0x3fff]
Oct  5 09:09:26 nishtala kernel: [    0.838054] pci_bus 0000:04: resource 1 [mem 0xe5b00000-0xe64fffff]
Oct  5 09:09:26 nishtala kernel: [    0.838056] pci_bus 0000:04: resource 2 [mem 0xe2b00000-0xe34fffff 64bit pref]
Oct  5 09:09:26 nishtala kernel: [    0.838058] pci_bus 0000:0a: resource 0 [io  0x2000-0x2fff]
Oct  5 09:09:26 nishtala kernel: [    0.838059] pci_bus 0000:0a: resource 1 [mem 0xe5100000-0xe5afffff]
Oct  5 09:09:26 nishtala kernel: [    0.838061] pci_bus 0000:0a: resource 2 [mem 0xe2100000-0xe2afffff 64bit pref]
Oct  5 09:09:26 nishtala kernel: [    0.838063] pci_bus 0000:0b: resource 1 [mem 0xe6500000-0xe65fffff]
Oct  5 09:09:26 nishtala kernel: [    0.838091] NET: Registered protocol family 2
Oct  5 09:09:26 nishtala kernel: [    0.838249] TCP established hash table entries: 65536 (order: 7, 524288 bytes)
Oct  5 09:09:26 nishtala kernel: [    0.838415] TCP bind hash table entries: 65536 (order: 8, 1048576 bytes)
Oct  5 09:09:26 nishtala kernel: [    0.838535] TCP: Hash tables configured (established 65536 bind 65536)
Oct  5 09:09:26 nishtala kernel: [    0.838552] TCP: reno registered
Oct  5 09:09:26 nishtala kernel: [    0.838564] UDP hash table entries: 4096 (order: 5, 131072 bytes)
Oct  5 09:09:26 nishtala kernel: [    0.838596] UDP-Lite hash table entries: 4096 (order: 5, 131072 bytes)
Oct  5 09:09:26 nishtala kernel: [    0.838668] NET: Registered protocol family 1
Oct  5 09:09:26 nishtala kernel: [    0.839047] pci 0000:01:00.0: Boot video device
Oct  5 09:09:26 nishtala kernel: [    0.839101] PCI: CLS 64 bytes, default 64
Oct  5 09:09:26 nishtala kernel: [    0.839149] Trying to unpack rootfs image as initramfs...
Oct  5 09:09:26 nishtala kernel: [    1.136733] Freeing initrd memory: 18056K (ffff880035cac000 - ffff880036e4e000)
Oct  5 09:09:26 nishtala kernel: [    1.136767] PCI-DMA: Using software bounce buffering for IO (SWIOTLB)
Oct  5 09:09:26 nishtala kernel: [    1.136770] software IO TLB [mem 0xcb21f000-0xcf21f000] (64MB) mapped at [ffff8800cb21f000-ffff8800cf21efff]
Oct  5 09:09:26 nishtala kernel: [    1.136815] Simple Boot Flag at 0xf3 set to 0x1
Oct  5 09:09:26 nishtala kernel: [    1.137125] RAPL PMU detected, hw unit 2^-16 Joules, API unit is 2^-32 Joules, 3 fixed counters 163840 ms ovfl timer
Oct  5 09:09:26 nishtala kernel: [    1.137171] Scanning for low memory corruption every 60 seconds
Oct  5 09:09:26 nishtala kernel: [    1.137606] futex hash table entries: 4096 (order: 6, 262144 bytes)
Oct  5 09:09:26 nishtala kernel: [    1.137641] Initialise system trusted keyring
Oct  5 09:09:26 nishtala kernel: [    1.137683] audit: initializing netlink subsys (disabled)
Oct  5 09:09:26 nishtala kernel: [    1.137695] audit: type=2000 audit(1444028952.124:1): initialized
Oct  5 09:09:26 nishtala kernel: [    1.165743] HugeTLB registered 2 MB page size, pre-allocated 0 pages
Oct  5 09:09:26 nishtala kernel: [    1.167095] zbud: loaded
Oct  5 09:09:26 nishtala kernel: [    1.167238] VFS: Disk quotas dquot_6.5.2
Oct  5 09:09:26 nishtala kernel: [    1.167301] Dquot-cache hash table entries: 512 (order 0, 4096 bytes)
Oct  5 09:09:26 nishtala kernel: [    1.167775] fuse init (API version 7.22)
Oct  5 09:09:26 nishtala kernel: [    1.167858] msgmni has been set to 15877
Oct  5 09:09:26 nishtala kernel: [    1.167915] Key type big_key registered
Oct  5 09:09:26 nishtala kernel: [    1.168343] Key type asymmetric registered
Oct  5 09:09:26 nishtala kernel: [    1.168345] Asymmetric key parser 'x509' registered
Oct  5 09:09:26 nishtala kernel: [    1.168377] Block layer SCSI generic (bsg) driver version 0.4 loaded (major 252)
Oct  5 09:09:26 nishtala kernel: [    1.168423] io scheduler noop registered
Oct  5 09:09:26 nishtala kernel: [    1.168424] io scheduler deadline registered (default)
Oct  5 09:09:26 nishtala kernel: [    1.168452] io scheduler cfq registered
Oct  5 09:09:26 nishtala kernel: [    1.168634] pcieport 0000:00:01.0: irq 41 for MSI/MSI-X
Oct  5 09:09:26 nishtala kernel: [    1.169361] pci_hotplug: PCI Hot Plug PCI Core version: 0.5
Oct  5 09:09:26 nishtala kernel: [    1.169375] pciehp: PCI Express Hot Plug Controller Driver version: 0.4
Oct  5 09:09:26 nishtala kernel: [    1.169421] intel_idle: MWAIT substates: 0x21120
Oct  5 09:09:26 nishtala kernel: [    1.169422] intel_idle: v0.4 model 0x2A
Oct  5 09:09:26 nishtala kernel: [    1.169423] intel_idle: lapic_timer_reliable_states 0xffffffff
Oct  5 09:09:26 nishtala kernel: [    1.170278] ACPI: AC Adapter [AC] (on-line)
Oct  5 09:09:26 nishtala kernel: [    1.170600] input: Lid Switch as /devices/LNXSYSTM:00/device:00/PNP0C0D:00/input/input0
Oct  5 09:09:26 nishtala kernel: [    1.171067] ACPI: Lid Switch [LID]
Oct  5 09:09:26 nishtala kernel: [    1.171107] input: Power Button as /devices/LNXSYSTM:00/device:00/PNP0C0C:00/input/input1
Oct  5 09:09:26 nishtala kernel: [    1.171110] ACPI: Power Button [PBTN]
Oct  5 09:09:26 nishtala kernel: [    1.171145] input: Sleep Button as /devices/LNXSYSTM:00/device:00/PNP0C0E:00/input/input2
Oct  5 09:09:26 nishtala kernel: [    1.171147] ACPI: Sleep Button [SBTN]
Oct  5 09:09:26 nishtala kernel: [    1.171182] input: Power Button as /devices/LNXSYSTM:00/LNXPWRBN:00/input/input3
Oct  5 09:09:26 nishtala kernel: [    1.171185] ACPI: Power Button [PWRF]
Oct  5 09:09:26 nishtala kernel: [    1.203508] thermal LNXTHERM:00: registered as thermal_zone0
Oct  5 09:09:26 nishtala kernel: [    1.203512] ACPI: Thermal Zone [THM] (25 C)
Oct  5 09:09:26 nishtala kernel: [    1.203561] GHES: HEST is not enabled!
Oct  5 09:09:26 nishtala kernel: [    1.203797] Serial: 8250/16550 driver, 32 ports, IRQ sharing enabled
Oct  5 09:09:26 nishtala kernel: [    1.207253] Linux agpgart interface v0.103
Oct  5 09:09:26 nishtala kernel: [    1.208782] brd: module loaded
Oct  5 09:09:26 nishtala kernel: [    1.209629] loop: module loaded
Oct  5 09:09:26 nishtala kernel: [    1.210005] libphy: Fixed MDIO Bus: probed
Oct  5 09:09:26 nishtala kernel: [    1.210091] tun: Universal TUN/TAP device driver, 1.6
Oct  5 09:09:26 nishtala kernel: [    1.210092] tun: (C) 1999-2004 Max Krasnyansky <maxk@qualcomm.com>
Oct  5 09:09:26 nishtala kernel: [    1.210137] PPP generic driver version 2.4.2
Oct  5 09:09:26 nishtala kernel: [    1.210175] ehci_hcd: USB 2.0 'Enhanced' Host Controller (EHCI) Driver
Oct  5 09:09:26 nishtala kernel: [    1.210178] ehci-pci: EHCI PCI platform driver
Oct  5 09:09:26 nishtala kernel: [    1.210440] ehci-pci 0000:00:1a.0: EHCI Host Controller
Oct  5 09:09:26 nishtala kernel: [    1.210447] ehci-pci 0000:00:1a.0: new USB bus registered, assigned bus number 1
Oct  5 09:09:26 nishtala kernel: [    1.210461] ehci-pci 0000:00:1a.0: debug port 2
Oct  5 09:09:26 nishtala kernel: [    1.213484] ACPI: Battery Slot [BAT0] (battery present)
Oct  5 09:09:26 nishtala kernel: [    1.214377] ehci-pci 0000:00:1a.0: cache line size of 64 is not supported
Oct  5 09:09:26 nishtala kernel: [    1.214394] ehci-pci 0000:00:1a.0: irq 16, io mem 0xe6770000
Oct  5 09:09:26 nishtala kernel: [    1.223304] ehci-pci 0000:00:1a.0: USB 2.0 started, EHCI 1.00
Oct  5 09:09:26 nishtala kernel: [    1.223345] usb usb1: New USB device found, idVendor=1d6b, idProduct=0002
Oct  5 09:09:26 nishtala kernel: [    1.223347] usb usb1: New USB device strings: Mfr=3, Product=2, SerialNumber=1
Oct  5 09:09:26 nishtala kernel: [    1.223349] usb usb1: Product: EHCI Host Controller
Oct  5 09:09:26 nishtala kernel: [    1.223351] usb usb1: Manufacturer: Linux 3.14.5-031405-generic ehci_hcd
Oct  5 09:09:26 nishtala kernel: [    1.223352] usb usb1: SerialNumber: 0000:00:1a.0
Oct  5 09:09:26 nishtala kernel: [    1.227726] hub 1-0:1.0: USB hub found
Oct  5 09:09:26 nishtala kernel: [    1.227735] hub 1-0:1.0: 2 ports detected
Oct  5 09:09:26 nishtala kernel: [    1.239885] ACPI: Battery Slot [BAT1] (battery absent)
Oct  5 09:09:26 nishtala kernel: [    1.239924] ehci-pci 0000:00:1d.0: EHCI Host Controller
Oct  5 09:09:26 nishtala kernel: [    1.239932] ehci-pci 0000:00:1d.0: new USB bus registered, assigned bus number 2
Oct  5 09:09:26 nishtala kernel: [    1.239945] ehci-pci 0000:00:1d.0: debug port 2
Oct  5 09:09:26 nishtala kernel: [    1.243852] ehci-pci 0000:00:1d.0: cache line size of 64 is not supported
Oct  5 09:09:26 nishtala kernel: [    1.243867] ehci-pci 0000:00:1d.0: irq 17, io mem 0xe6750000
Oct  5 09:09:26 nishtala kernel: [    1.255423] ehci-pci 0000:00:1d.0: USB 2.0 started, EHCI 1.00
Oct  5 09:09:26 nishtala kernel: [    1.255487] usb usb2: New USB device found, idVendor=1d6b, idProduct=0002
Oct  5 09:09:26 nishtala kernel: [    1.255490] usb usb2: New USB device strings: Mfr=3, Product=2, SerialNumber=1
Oct  5 09:09:26 nishtala kernel: [    1.255492] usb usb2: Product: EHCI Host Controller
Oct  5 09:09:26 nishtala kernel: [    1.255493] usb usb2: Manufacturer: Linux 3.14.5-031405-generic ehci_hcd
Oct  5 09:09:26 nishtala kernel: [    1.255495] usb usb2: SerialNumber: 0000:00:1d.0
Oct  5 09:09:26 nishtala kernel: [    1.259989] hub 2-0:1.0: USB hub found
Oct  5 09:09:26 nishtala kernel: [    1.259999] hub 2-0:1.0: 2 ports detected
Oct  5 09:09:26 nishtala kernel: [    1.275781] ehci-platform: EHCI generic platform driver
Oct  5 09:09:26 nishtala kernel: [    1.275794] ohci_hcd: USB 1.1 'Open' Host Controller (OHCI) Driver
Oct  5 09:09:26 nishtala kernel: [    1.275803] ohci-pci: OHCI PCI platform driver
Oct  5 09:09:26 nishtala kernel: [    1.275813] ohci-platform: OHCI generic platform driver
Oct  5 09:09:26 nishtala kernel: [    1.275819] uhci_hcd: USB Universal Host Controller Interface driver
Oct  5 09:09:26 nishtala kernel: [    1.275853] ACPI: Battery Slot [BAT2] (battery absent)
Oct  5 09:09:26 nishtala kernel: [    1.275887] i8042: PNP: PS/2 Controller [PNP0303:PS2K,PNP0f13:PS2M] at 0x60,0x64 irq 1,12
Oct  5 09:09:26 nishtala kernel: [    1.276369] i8042: Warning: Keylock active
Oct  5 09:09:26 nishtala kernel: [    1.277711] serio: i8042 KBD port at 0x60,0x64 irq 1
Oct  5 09:09:26 nishtala kernel: [    1.277717] serio: i8042 AUX port at 0x60,0x64 irq 12
Oct  5 09:09:26 nishtala kernel: [    1.277990] mousedev: PS/2 mouse device common for all mice
Oct  5 09:09:26 nishtala kernel: [    1.278437] rtc_cmos 00:05: RTC can wake from S4
Oct  5 09:09:26 nishtala kernel: [    1.278598] rtc_cmos 00:05: rtc core: registered rtc_cmos as rtc0
Oct  5 09:09:26 nishtala kernel: [    1.278627] rtc_cmos 00:05: alarms up to one year, y3k, 242 bytes nvram, hpet irqs
Oct  5 09:09:26 nishtala kernel: [    1.278709] device-mapper: uevent: version 1.0.3
Oct  5 09:09:26 nishtala kernel: [    1.278782] device-mapper: ioctl: 4.27.0-ioctl (2013-10-30) initialised: dm-devel@redhat.com
Oct  5 09:09:26 nishtala kernel: [    1.278791] ledtrig-cpu: registered to indicate activity on CPUs
Oct  5 09:09:26 nishtala kernel: [    1.278890] TCP: cubic registered
Oct  5 09:09:26 nishtala kernel: [    1.279008] NET: Registered protocol family 10
Oct  5 09:09:26 nishtala kernel: [    1.279210] input: AT Translated Set 2 keyboard as /devices/platform/i8042/serio0/input/input4
Oct  5 09:09:26 nishtala kernel: [    1.279270] NET: Registered protocol family 17
Oct  5 09:09:26 nishtala kernel: [    1.279280] Key type dns_resolver registered
Oct  5 09:09:26 nishtala kernel: [    1.279914] Loading compiled-in X.509 certificates
Oct  5 09:09:26 nishtala kernel: [    1.280800] Loaded X.509 cert 'Magrathea: Glacier signing key: 2175b031039f715dfb3a7e7d7931a0c715cf0377'
Oct  5 09:09:26 nishtala kernel: [    1.280812] registered taskstats version 1
Oct  5 09:09:26 nishtala kernel: [    1.283218] Key type trusted registered
Oct  5 09:09:26 nishtala kernel: [    1.285413] Key type encrypted registered
Oct  5 09:09:26 nishtala kernel: [    1.287590] AppArmor: AppArmor sha1 policy hashing enabled
Oct  5 09:09:26 nishtala kernel: [    1.287593] IMA: No TPM chip found, activating TPM-bypass!
Oct  5 09:09:26 nishtala kernel: [    1.288131] regulator-dummy: disabling
Oct  5 09:09:26 nishtala kernel: [    1.288254]   Magic number: 3:755:166
Oct  5 09:09:26 nishtala kernel: [    1.288372] rtc_cmos 00:05: setting system clock to 2015-10-05 07:09:13 UTC (1444028953)
Oct  5 09:09:26 nishtala kernel: [    1.289634] BIOS EDD facility v0.16 2004-Jun-25, 0 devices found
Oct  5 09:09:26 nishtala kernel: [    1.289636] EDD information not available.
Oct  5 09:09:26 nishtala kernel: [    1.289669] PM: Hibernation image not present or could not be loaded.
Oct  5 09:09:26 nishtala kernel: [    1.290612] Freeing unused kernel memory: 1356K (ffffffff81d19000 - ffffffff81e6c000)
Oct  5 09:09:26 nishtala kernel: [    1.290614] Write protecting the kernel read-only data: 12288k
Oct  5 09:09:26 nishtala kernel: [    1.291706] Freeing unused kernel memory: 504K (ffff880001782000 - ffff880001800000)
Oct  5 09:09:26 nishtala kernel: [    1.292602] Freeing unused kernel memory: 492K (ffff880001b85000 - ffff880001c00000)
Oct  5 09:09:26 nishtala kernel: [    1.318811] pps_core: LinuxPPS API ver. 1 registered
Oct  5 09:09:26 nishtala kernel: [    1.318815] pps_core: Software ver. 5.3.6 - Copyright 2005-2007 Rodolfo Giometti <giometti@linux.it>
Oct  5 09:09:26 nishtala kernel: [    1.319898] ahci 0000:00:1f.2: version 3.0
Oct  5 09:09:26 nishtala kernel: [    1.319953] PTP clock support registered
Oct  5 09:09:26 nishtala kernel: [    1.320049] ahci 0000:00:1f.2: irq 42 for MSI/MSI-X
Oct  5 09:09:26 nishtala kernel: [    1.320074] ahci 0000:00:1f.2: SSS flag set, parallel bus scan disabled
Oct  5 09:09:26 nishtala kernel: [    1.320186] sdhci: Secure Digital Host Controller Interface driver
Oct  5 09:09:26 nishtala kernel: [    1.320188] sdhci: Copyright(c) Pierre Ossman
Oct  5 09:09:26 nishtala kernel: [    1.321395] sdhci-pci 0000:0b:00.0: SDHCI controller found [1217:8221] (rev 5)
Oct  5 09:09:26 nishtala kernel: [    1.321542] mmc0: no vqmmc regulator found
Oct  5 09:09:26 nishtala kernel: [    1.321544] mmc0: no vmmc regulator found
Oct  5 09:09:26 nishtala kernel: [    1.321611] mmc0: SDHCI controller on PCI [0000:0b:00.0] using DMA
Oct  5 09:09:26 nishtala kernel: [    1.324196] e1000e: Intel(R) PRO/1000 Network Driver - 2.3.2-k
Oct  5 09:09:26 nishtala kernel: [    1.324197] e1000e: Copyright(c) 1999 - 2013 Intel Corporation.
Oct  5 09:09:26 nishtala kernel: [    1.335436] ahci 0000:00:1f.2: AHCI 0001.0300 32 slots 6 ports 6 Gbps 0x3b impl SATA mode
Oct  5 09:09:26 nishtala kernel: [    1.335443] ahci 0000:00:1f.2: flags: 64bit ncq sntf stag pm led clo pio slum part ems sxs apst 
Oct  5 09:09:26 nishtala kernel: [    1.368162] scsi0 : ahci
Oct  5 09:09:26 nishtala kernel: [    1.368435] scsi1 : ahci
Oct  5 09:09:26 nishtala kernel: [    1.368698] scsi2 : ahci
Oct  5 09:09:26 nishtala kernel: [    1.368860] scsi3 : ahci
Oct  5 09:09:26 nishtala kernel: [    1.369020] scsi4 : ahci
Oct  5 09:09:26 nishtala kernel: [    1.369126] scsi5 : ahci
Oct  5 09:09:26 nishtala kernel: [    1.369164] ata1: SATA max UDMA/133 abar m2048@0xe6740000 port 0xe6740100 irq 42
Oct  5 09:09:26 nishtala kernel: [    1.369167] ata2: SATA max UDMA/133 abar m2048@0xe6740000 port 0xe6740180 irq 42
Oct  5 09:09:26 nishtala kernel: [    1.369168] ata3: DUMMY
Oct  5 09:09:26 nishtala kernel: [    1.369170] ata4: SATA max UDMA/133 abar m2048@0xe6740000 port 0xe6740280 irq 42
Oct  5 09:09:26 nishtala kernel: [    1.369173] ata5: SATA max UDMA/133 abar m2048@0xe6740000 port 0xe6740300 irq 42
Oct  5 09:09:26 nishtala kernel: [    1.369175] ata6: SATA max UDMA/133 abar m2048@0xe6740000 port 0xe6740380 irq 42
Oct  5 09:09:26 nishtala kernel: [    1.369415] e1000e 0000:00:19.0: Interrupt Throttling Rate (ints/sec) set to dynamic conservative mode
Oct  5 09:09:26 nishtala kernel: [    1.369437] e1000e 0000:00:19.0: irq 43 for MSI/MSI-X
Oct  5 09:09:26 nishtala kernel: [    1.551623] usb 1-1: new high-speed USB device number 2 using ehci-pci
Oct  5 09:09:26 nishtala kernel: [    1.620942] e1000e 0000:00:19.0 eth0: registered PHC clock
Oct  5 09:09:26 nishtala kernel: [    1.620945] e1000e 0000:00:19.0 eth0: (PCI Express:2.5GT/s:Width x1) d4:be:d9:21:35:f5
Oct  5 09:09:26 nishtala kernel: [    1.620946] e1000e 0000:00:19.0 eth0: Intel(R) PRO/1000 Network Connection
Oct  5 09:09:26 nishtala kernel: [    1.620994] e1000e 0000:00:19.0 eth0: MAC: 10, PHY: 11, PBA No: 3041FF-0FF
Oct  5 09:09:26 nishtala kernel: [    1.684082] usb 1-1: New USB device found, idVendor=8087, idProduct=0024
Oct  5 09:09:26 nishtala kernel: [    1.684085] usb 1-1: New USB device strings: Mfr=0, Product=0, SerialNumber=0
Oct  5 09:09:26 nishtala kernel: [    1.684356] hub 1-1:1.0: USB hub found
Oct  5 09:09:26 nishtala kernel: [    1.684453] hub 1-1:1.0: 6 ports detected
Oct  5 09:09:26 nishtala kernel: [    1.687712] ata1: SATA link up 3.0 Gbps (SStatus 123 SControl 300)
Oct  5 09:09:26 nishtala kernel: [    1.726040] ata1.00: ACPI cmd 00/00:00:00:00:00:a0 (NOP) rejected by device (Stat=0x51 Err=0x04)
Oct  5 09:09:26 nishtala kernel: [    1.734768] ata1.00: ATA-8: ST9500423AS, 0003DEM1, max UDMA/133
Oct  5 09:09:26 nishtala kernel: [    1.734771] ata1.00: 976773168 sectors, multi 16: LBA48 NCQ (depth 31/32)
Oct  5 09:09:26 nishtala kernel: [    1.788396] ata1.00: ACPI cmd 00/00:00:00:00:00:a0 (NOP) rejected by device (Stat=0x51 Err=0x04)
Oct  5 09:09:26 nishtala kernel: [    1.788705] ata1.00: configured for UDMA/133
Oct  5 09:09:26 nishtala kernel: [    1.788922] scsi 0:0:0:0: Direct-Access     ATA      ST9500423AS      0003 PQ: 0 ANSI: 5
Oct  5 09:09:26 nishtala kernel: [    1.789122] sd 0:0:0:0: Attached scsi generic sg0 type 0
Oct  5 09:09:26 nishtala kernel: [    1.789127] sd 0:0:0:0: [sda] 976773168 512-byte logical blocks: (500 GB/465 GiB)
Oct  5 09:09:26 nishtala kernel: [    1.789137] sd 0:0:0:0: [sda] 4096-byte physical blocks
Oct  5 09:09:26 nishtala kernel: [    1.789382] sd 0:0:0:0: [sda] Write Protect is off
Oct  5 09:09:26 nishtala kernel: [    1.789385] sd 0:0:0:0: [sda] Mode Sense: 00 3a 00 00
Oct  5 09:09:26 nishtala kernel: [    1.789503] sd 0:0:0:0: [sda] Write cache: enabled, read cache: enabled, doesn't support DPO or FUA
Oct  5 09:09:26 nishtala kernel: [    1.795930] usb 2-1: new high-speed USB device number 2 using ehci-pci
Oct  5 09:09:26 nishtala kernel: [    1.839465]  sda: sda1 sda2 < sda5 >
Oct  5 09:09:26 nishtala kernel: [    1.840419] sd 0:0:0:0: [sda] Attached SCSI disk
Oct  5 09:09:26 nishtala kernel: [    1.928550] usb 2-1: New USB device found, idVendor=8087, idProduct=0024
Oct  5 09:09:26 nishtala kernel: [    1.928553] usb 2-1: New USB device strings: Mfr=0, Product=0, SerialNumber=0
Oct  5 09:09:26 nishtala kernel: [    1.928858] hub 2-1:1.0: USB hub found
Oct  5 09:09:26 nishtala kernel: [    1.928946] hub 2-1:1.0: 8 ports detected
Oct  5 09:09:26 nishtala kernel: [    2.000353] usb 1-1.4: new full-speed USB device number 3 using ehci-pci
Oct  5 09:09:26 nishtala kernel: [    2.097924] usb 1-1.4: New USB device found, idVendor=413c, idProduct=8187
Oct  5 09:09:26 nishtala kernel: [    2.097936] usb 1-1.4: New USB device strings: Mfr=1, Product=2, SerialNumber=3
Oct  5 09:09:26 nishtala kernel: [    2.097942] usb 1-1.4: Product: DW375 Bluetooth Module
Oct  5 09:09:26 nishtala kernel: [    2.097953] usb 1-1.4: Manufacturer: Dell Computer Corp
Oct  5 09:09:26 nishtala kernel: [    2.097954] usb 1-1.4: SerialNumber: 9CB70D531FA4
Oct  5 09:09:26 nishtala kernel: [    2.108133] ata2: SATA link up 1.5 Gbps (SStatus 113 SControl 300)
Oct  5 09:09:26 nishtala kernel: [    2.111211] ata2.00: ATAPI: PLDS DVD+/-RW DU-8A4SH, QD12, max UDMA/100
Oct  5 09:09:26 nishtala kernel: [    2.111913] ata2.00: configured for UDMA/100
Oct  5 09:09:26 nishtala kernel: [    2.119654] scsi 1:0:0:0: CD-ROM            PLDS     DVD+-RW DU-8A4SH QD12 PQ: 0 ANSI: 5
Oct  5 09:09:26 nishtala kernel: [    2.133645] sr0: scsi3-mmc drive: 24x/24x writer dvd-ram cd/rw xa/form2 cdda tray
Oct  5 09:09:26 nishtala kernel: [    2.133649] cdrom: Uniform CD-ROM driver Revision: 3.20
Oct  5 09:09:26 nishtala kernel: [    2.133859] sr 1:0:0:0: Attached scsi CD-ROM sr0
Oct  5 09:09:26 nishtala kernel: [    2.134010] sr 1:0:0:0: Attached scsi generic sg1 type 5
Oct  5 09:09:26 nishtala kernel: [    2.136093] tsc: Refined TSC clocksource calibration: 2394.560 MHz
Oct  5 09:09:26 nishtala kernel: [    2.168493] usb 1-1.5: new high-speed USB device number 4 using ehci-pci
Oct  5 09:09:26 nishtala kernel: [    2.428929] usb 1-1.5: New USB device found, idVendor=1bcf, idProduct=2b83
Oct  5 09:09:26 nishtala kernel: [    2.428943] usb 1-1.5: New USB device strings: Mfr=1, Product=2, SerialNumber=0
Oct  5 09:09:26 nishtala kernel: [    2.428945] usb 1-1.5: Product: Laptop_Integrated_Webcam_FHD
Oct  5 09:09:26 nishtala kernel: [    2.428946] usb 1-1.5: Manufacturer: CNFB221I05305789EB72
Oct  5 09:09:26 nishtala kernel: [    2.452468] ata4: SATA link down (SStatus 0 SControl 300)
Oct  5 09:09:26 nishtala kernel: [    2.714188] input: DualPoint Stick as /devices/platform/i8042/serio1/input/input7
Oct  5 09:09:26 nishtala kernel: [    2.716920] usb 2-1.4: new high-speed USB device number 3 using ehci-pci
Oct  5 09:09:26 nishtala kernel: [    2.727503] input: AlpsPS/2 ALPS DualPoint TouchPad as /devices/platform/i8042/serio1/input/input6
Oct  5 09:09:26 nishtala kernel: [    2.772744] ata5: SATA link down (SStatus 0 SControl 300)
Oct  5 09:09:26 nishtala kernel: [    2.809790] usb 2-1.4: New USB device found, idVendor=1a40, idProduct=0101
Oct  5 09:09:26 nishtala kernel: [    2.809794] usb 2-1.4: New USB device strings: Mfr=0, Product=1, SerialNumber=0
Oct  5 09:09:26 nishtala kernel: [    2.809795] usb 2-1.4: Product: USB 2.0 Hub
Oct  5 09:09:26 nishtala kernel: [    2.810102] hub 2-1.4:1.0: USB hub found
Oct  5 09:09:26 nishtala kernel: [    2.810194] hub 2-1.4:1.0: 4 ports detected
Oct  5 09:09:26 nishtala kernel: [    2.881114] usb 2-1.8: new full-speed USB device number 4 using ehci-pci
Oct  5 09:09:26 nishtala kernel: [    2.996235] usb 2-1.8: New USB device found, idVendor=0a5c, idProduct=5801
Oct  5 09:09:26 nishtala kernel: [    2.996239] usb 2-1.8: New USB device strings: Mfr=1, Product=2, SerialNumber=3
Oct  5 09:09:26 nishtala kernel: [    2.996240] usb 2-1.8: Product: 5880
Oct  5 09:09:26 nishtala kernel: [    2.996241] usb 2-1.8: Manufacturer: Broadcom Corp
Oct  5 09:09:26 nishtala kernel: [    2.996242] usb 2-1.8: SerialNumber: 0123456789ABCD
Oct  5 09:09:26 nishtala kernel: [    2.996420] usb 2-1.8: config 0 descriptor??
Oct  5 09:09:26 nishtala kernel: [    3.093018] ata6: SATA link down (SStatus 0 SControl 300)
Oct  5 09:09:26 nishtala kernel: [    3.097275] usb 2-1.4.2: new low-speed USB device number 5 using ehci-pci
Oct  5 09:09:26 nishtala kernel: [    3.137260] Switched to clocksource tsc
Oct  5 09:09:26 nishtala kernel: [    3.211525] usb 2-1.4.2: New USB device found, idVendor=046d, idProduct=c050
Oct  5 09:09:26 nishtala kernel: [    3.211536] usb 2-1.4.2: New USB device strings: Mfr=1, Product=2, SerialNumber=0
Oct  5 09:09:26 nishtala kernel: [    3.211542] usb 2-1.4.2: Product: USB-PS/2 Optical Mouse
Oct  5 09:09:26 nishtala kernel: [    3.211547] usb 2-1.4.2: Manufacturer: Logitech
Oct  5 09:09:26 nishtala kernel: [    3.214633] hidraw: raw HID events driver (C) Jiri Kosina
Oct  5 09:09:26 nishtala kernel: [    3.219707] usbcore: registered new interface driver usbhid
Oct  5 09:09:26 nishtala kernel: [    3.219708] usbhid: USB HID core driver
Oct  5 09:09:26 nishtala kernel: [    3.220752] input: Logitech USB-PS/2 Optical Mouse as /devices/pci0000:00/0000:00:1d.0/usb2/2-1/2-1.4/2-1.4.2/2-1.4.2:1.0/0003:046D:C050.0001/input/input8
Oct  5 09:09:26 nishtala kernel: [    3.220828] hid-generic 0003:046D:C050.0001: input,hidraw0: USB HID v1.10 Mouse [Logitech USB-PS/2 Optical Mouse] on usb-0000:00:1d.0-1.4.2/input0
Oct  5 09:09:26 nishtala kernel: [    3.297194] usb 2-1.4.3: new low-speed USB device number 6 using ehci-pci
Oct  5 09:09:26 nishtala kernel: [    3.411038] usb 2-1.4.3: New USB device found, idVendor=04b3, idProduct=3025
Oct  5 09:09:26 nishtala kernel: [    3.411040] usb 2-1.4.3: New USB device strings: Mfr=1, Product=2, SerialNumber=0
Oct  5 09:09:26 nishtala kernel: [    3.411042] usb 2-1.4.3: Product: USB NetVista Full Width Keyboard
Oct  5 09:09:26 nishtala kernel: [    3.411043] usb 2-1.4.3: Manufacturer: CHICONY
Oct  5 09:09:26 nishtala kernel: [    3.413820] input: CHICONY USB NetVista Full Width Keyboard as /devices/pci0000:00/0000:00:1d.0/usb2/2-1/2-1.4/2-1.4.3/2-1.4.3:1.0/0003:04B3:3025.0002/input/input9
Oct  5 09:09:26 nishtala kernel: [    3.413953] hid-generic 0003:04B3:3025.0002: input,hidraw1: USB HID v1.10 Keyboard [CHICONY USB NetVista Full Width Keyboard] on usb-0000:00:1d.0-1.4.3/input0
Oct  5 09:09:26 nishtala kernel: [    4.195572] EXT4-fs (sda1): INFO: recovery required on readonly filesystem
Oct  5 09:09:26 nishtala kernel: [    4.195575] EXT4-fs (sda1): write access will be enabled during recovery
Oct  5 09:09:26 nishtala kernel: [    4.297990] random: nonblocking pool is initialized
Oct  5 09:09:26 nishtala kernel: [    5.227932] EXT4-fs (sda1): orphan cleanup on readonly fs
Oct  5 09:09:26 nishtala kernel: [    5.320434] EXT4-fs (sda1): 7 orphan inodes deleted
Oct  5 09:09:26 nishtala kernel: [    5.320437] EXT4-fs (sda1): recovery complete
Oct  5 09:09:26 nishtala kernel: [    5.466447] EXT4-fs (sda1): mounted filesystem with ordered data mode. Opts: (null)
Oct  5 09:09:26 nishtala kernel: [    8.882728] Adding 8342524k swap on /dev/sda5.  Priority:-1 extents:1 across:8342524k FS
Oct  5 09:09:26 nishtala kernel: [   10.984887] EXT4-fs (sda1): re-mounted. Opts: errors=remount-ro
Oct  5 09:09:26 nishtala kernel: [   13.462319] lp: driver loaded but no devices found
Oct  5 09:09:26 nishtala kernel: [   13.703060] ppdev: user-space parallel port driver
Oct  5 09:09:26 nishtala kernel: [   13.825464] parport_pc 00:07: [io  0x0378-0x037b]
Oct  5 09:09:26 nishtala kernel: [   13.825559] parport_pc 00:07: [irq 5]
Oct  5 09:09:26 nishtala kernel: [   13.874226] parport_pc 00:07: activated
Oct  5 09:09:26 nishtala kernel: [   13.874229] parport_pc 00:07: reported by Plug and Play ACPI
Oct  5 09:09:26 nishtala kernel: [   13.874306] parport_pc 00:07: disabled
Oct  5 09:09:29 nishtala kernel: [   16.844813] microcode: CPU0 sig=0x206a7, pf=0x10, revision=0x28
Oct  5 09:09:29 nishtala kernel: [   16.994748] shpchp: Standard Hot Plug PCI Controller Driver version: 0.4
Oct  5 09:09:29 nishtala kernel: [   17.134376] microcode: CPU1 sig=0x206a7, pf=0x10, revision=0x28
Oct  5 09:09:29 nishtala kernel: [   17.134418] microcode: CPU2 sig=0x206a7, pf=0x10, revision=0x28
Oct  5 09:09:29 nishtala kernel: [   17.134429] microcode: CPU3 sig=0x206a7, pf=0x10, revision=0x28
Oct  5 09:09:29 nishtala kernel: [   17.134440] microcode: CPU4 sig=0x206a7, pf=0x10, revision=0x28
Oct  5 09:09:29 nishtala kernel: [   17.134451] microcode: CPU5 sig=0x206a7, pf=0x10, revision=0x28
Oct  5 09:09:29 nishtala kernel: [   17.134462] microcode: CPU6 sig=0x206a7, pf=0x10, revision=0x28
Oct  5 09:09:29 nishtala kernel: [   17.134470] microcode: CPU7 sig=0x206a7, pf=0x10, revision=0x28
Oct  5 09:09:29 nishtala kernel: [   17.134520] microcode: Microcode Update Driver: v2.00 <tigran@aivazian.fsnet.co.uk>, Peter Oruba
Oct  5 09:09:29 nishtala kernel: [   17.194090] ACPI Warning: SystemIO range 0x0000000000000428-0x000000000000042f conflicts with OpRegion 0x0000000000000400-0x000000000000047f (\PMIO) (20131218/utaddress-258)
Oct  5 09:09:29 nishtala kernel: [   17.194096] ACPI: If an ACPI driver is available for this device, you should use it instead of the native driver
Oct  5 09:09:29 nishtala kernel: [   17.194099] ACPI Warning: SystemIO range 0x0000000000000540-0x000000000000054f conflicts with OpRegion 0x0000000000000500-0x0000000000000563 (\GPIO) (20131218/utaddress-258)
Oct  5 09:09:29 nishtala kernel: [   17.194101] ACPI: If an ACPI driver is available for this device, you should use it instead of the native driver
Oct  5 09:09:29 nishtala kernel: [   17.194102] ACPI Warning: SystemIO range 0x0000000000000530-0x000000000000053f conflicts with OpRegion 0x0000000000000500-0x0000000000000563 (\GPIO) (20131218/utaddress-258)
Oct  5 09:09:29 nishtala kernel: [   17.194104] ACPI Warning: SystemIO range 0x0000000000000530-0x000000000000053f conflicts with OpRegion 0x0000000000000500-0x000000000000053f (\_SB_.PCI0.PEG0.VID_.GPSP) (20131218/utaddress-258)
Oct  5 09:09:29 nishtala kernel: [   17.194107] ACPI: If an ACPI driver is available for this device, you should use it instead of the native driver
Oct  5 09:09:29 nishtala kernel: [   17.194107] ACPI Warning: SystemIO range 0x0000000000000500-0x000000000000052f conflicts with OpRegion 0x0000000000000500-0x0000000000000563 (\GPIO) (20131218/utaddress-258)
Oct  5 09:09:29 nishtala kernel: [   17.194109] ACPI Warning: SystemIO range 0x0000000000000500-0x000000000000052f conflicts with OpRegion 0x0000000000000500-0x000000000000053f (\_SB_.PCI0.PEG0.VID_.GPSP) (20131218/utaddress-258)
Oct  5 09:09:29 nishtala kernel: [   17.194111] ACPI: If an ACPI driver is available for this device, you should use it instead of the native driver
Oct  5 09:09:29 nishtala kernel: [   17.194112] lpc_ich: Resource conflict(s) found affecting gpio_ich
Oct  5 09:09:29 nishtala kernel: [   17.221694] ACPI: Video Device [VID] (multi-head: yes  rom: yes  post: no)
Oct  5 09:09:29 nishtala kernel: [   17.317068] wmi: Mapper loaded
Oct  5 09:09:29 nishtala kernel: [   17.461189] acpi device:16: registered as cooling_device8
Oct  5 09:09:29 nishtala kernel: [   17.481336] input: Video Bus as /devices/LNXSYSTM:00/device:00/PNP0A08:00/device:13/LNXVIDEO:00/input/input10
Oct  5 09:09:29 nishtala kernel: [   17.520640] [drm] Initialized drm 1.1.0 20060810
Oct  5 09:09:29 nishtala kernel: [   17.550156] cfg80211: Calling CRDA to update world regulatory domain
Oct  5 09:09:29 nishtala kernel: [   17.775688] mei_me 0000:00:16.0: irq 44 for MSI/MSI-X
Oct  5 09:09:30 nishtala kernel: [   18.268671] Bluetooth: Core ver 2.18
Oct  5 09:09:30 nishtala kernel: [   18.268686] NET: Registered protocol family 31
Oct  5 09:09:30 nishtala kernel: [   18.268687] Bluetooth: HCI device and connection manager initialized
Oct  5 09:09:30 nishtala kernel: [   18.268692] Bluetooth: HCI socket layer initialized
Oct  5 09:09:30 nishtala kernel: [   18.268693] Bluetooth: L2CAP socket layer initialized
Oct  5 09:09:30 nishtala kernel: [   18.268700] Bluetooth: SCO socket layer initialized
Oct  5 09:09:30 nishtala kernel: [   18.393490] snd_hda_intel 0000:00:1b.0: irq 45 for MSI/MSI-X
Oct  5 09:09:30 nishtala kernel: [   18.393562] hda_intel: Disabling MSI
Oct  5 09:09:30 nishtala kernel: [   18.393567] hda-intel 0000:01:00.1: Handle VGA-switcheroo audio client
Oct  5 09:09:30 nishtala kernel: [   18.393628] hda-intel 0000:01:00.1: Disabling 64bit DMA
Oct  5 09:09:30 nishtala kernel: [   18.396770] hda-intel 0000:01:00.1: Enable delay in RIRB handling
Oct  5 09:09:30 nishtala kernel: [   18.464451] autoconfig: line_outs=1 (0xe/0x0/0x0/0x0/0x0) type:line
Oct  5 09:09:30 nishtala kernel: [   18.464454]    speaker_outs=1 (0xd/0x0/0x0/0x0/0x0)
Oct  5 09:09:30 nishtala kernel: [   18.464455]    hp_outs=1 (0xb/0x0/0x0/0x0/0x0)
Oct  5 09:09:30 nishtala kernel: [   18.464456]    mono: mono_out=0x0
Oct  5 09:09:30 nishtala kernel: [   18.464457]    inputs:
Oct  5 09:09:30 nishtala kernel: [   18.464458]      Dock Mic=0xf
Oct  5 09:09:30 nishtala kernel: [   18.464459]      Internal Mic=0x11
Oct  5 09:09:30 nishtala kernel: [   18.464460]      Mic=0xa
Oct  5 09:09:30 nishtala kernel: [   18.507280] input: HDA Intel PCH Headphone as /devices/pci0000:00/0000:00:1b.0/sound/card0/input14
Oct  5 09:09:30 nishtala kernel: [   18.507358] input: HDA Intel PCH Dock Line Out as /devices/pci0000:00/0000:00:1b.0/sound/card0/input13
Oct  5 09:09:30 nishtala kernel: [   18.507423] input: HDA Intel PCH Mic as /devices/pci0000:00/0000:00:1b.0/sound/card0/input12
Oct  5 09:09:30 nishtala kernel: [   18.507487] input: HDA Intel PCH Dock Mic as /devices/pci0000:00/0000:00:1b.0/sound/card0/input11
Oct  5 09:09:30 nishtala kernel: [   18.656919] usbcore: registered new interface driver btusb
Oct  5 09:09:30 nishtala kernel: [   18.736728] dcdbas dcdbas: Dell Systems Management Base Driver (version 5.6.0-3.2)
Oct  5 09:09:31 nishtala kernel: [   18.874822] AVX version of gcm_enc/dec engaged.
Oct  5 09:09:31 nishtala kernel: [   19.106669] input: HDA NVidia HDMI/DP,pcm=8 as /devices/pci0000:00/0000:00:01.0/0000:01:00.1/sound/card1/input17
Oct  5 09:09:31 nishtala kernel: [   19.106771] input: HDA NVidia HDMI/DP,pcm=7 as /devices/pci0000:00/0000:00:01.0/0000:01:00.1/sound/card1/input16
Oct  5 09:09:31 nishtala kernel: [   19.106833] input: HDA NVidia HDMI/DP,pcm=3 as /devices/pci0000:00/0000:00:01.0/0000:01:00.1/sound/card1/input15
Oct  5 09:09:31 nishtala kernel: [   19.319622] wl: module license 'MIXED/Proprietary' taints kernel.
Oct  5 09:09:31 nishtala kernel: [   19.319626] Disabling lock debugging due to kernel taint
Oct  5 09:09:31 nishtala kernel: [   19.321206] wl: module verification failed: signature and/or  required key missing - tainting kernel
Oct  5 09:09:31 nishtala kernel: [   19.395020] wlan0: Broadcom BCM4359 802.11 Hybrid Wireless Controller 6.30.223.248 (r487574)
Oct  5 09:09:31 nishtala kernel: [   19.594043] input: Dell WMI hotkeys as /devices/virtual/input/input18
Oct  5 09:09:31 nishtala kernel: [   19.599306] Bluetooth: BNEP (Ethernet Emulation) ver 1.3
Oct  5 09:09:31 nishtala kernel: [   19.599308] Bluetooth: BNEP filters: protocol multicast
Oct  5 09:09:31 nishtala kernel: [   19.599315] Bluetooth: BNEP socket layer initialized
Oct  5 09:09:31 nishtala kernel: [   19.708859] Bluetooth: RFCOMM TTY layer initialized
Oct  5 09:09:31 nishtala kernel: [   19.708866] Bluetooth: RFCOMM socket layer initialized
Oct  5 09:09:31 nishtala kernel: [   19.708870] Bluetooth: RFCOMM ver 1.11
Oct  5 09:09:32 nishtala kernel: [   20.103970] Linux video capture interface: v2.00
Oct  5 09:09:32 nishtala kernel: [   20.230911] cfg80211: World regulatory domain updated:
Oct  5 09:09:32 nishtala kernel: [   20.230915] cfg80211:  DFS Master region: unset
Oct  5 09:09:32 nishtala kernel: [   20.230916] cfg80211:   (start_freq - end_freq @ bandwidth), (max_antenna_gain, max_eirp)
Oct  5 09:09:32 nishtala kernel: [   20.230917] cfg80211:   (2402000 KHz - 2472000 KHz @ 40000 KHz), (300 mBi, 2000 mBm)
Oct  5 09:09:32 nishtala kernel: [   20.230918] cfg80211:   (2457000 KHz - 2482000 KHz @ 40000 KHz), (300 mBi, 2000 mBm)
Oct  5 09:09:32 nishtala kernel: [   20.230919] cfg80211:   (2474000 KHz - 2494000 KHz @ 20000 KHz), (300 mBi, 2000 mBm)
Oct  5 09:09:32 nishtala kernel: [   20.230920] cfg80211:   (5170000 KHz - 5250000 KHz @ 40000 KHz), (300 mBi, 2000 mBm)
Oct  5 09:09:32 nishtala kernel: [   20.230921] cfg80211:   (5735000 KHz - 5835000 KHz @ 40000 KHz), (300 mBi, 2000 mBm)
Oct  5 09:09:32 nishtala kernel: [   20.318605] audit: type=1400 audit(1444028972.510:2): apparmor="STATUS" operation="profile_load" name="/sbin/dhclient" pid=724 comm="apparmor_parser"
Oct  5 09:09:32 nishtala kernel: [   20.318611] audit: type=1400 audit(1444028972.510:3): apparmor="STATUS" operation="profile_load" name="/usr/lib/NetworkManager/nm-dhcp-client.action" pid=724 comm="apparmor_parser"
Oct  5 09:09:32 nishtala kernel: [   20.318614] audit: type=1400 audit(1444028972.510:4): apparmor="STATUS" operation="profile_load" name="/usr/lib/connman/scripts/dhclient-script" pid=724 comm="apparmor_parser"
Oct  5 09:09:32 nishtala kernel: [   20.318765] audit: type=1400 audit(1444028972.510:5): apparmor="STATUS" operation="profile_replace" name="/sbin/dhclient" pid=818 comm="apparmor_parser"
Oct  5 09:09:32 nishtala kernel: [   20.318772] audit: type=1400 audit(1444028972.510:6): apparmor="STATUS" operation="profile_replace" name="/usr/lib/NetworkManager/nm-dhcp-client.action" pid=818 comm="apparmor_parser"
Oct  5 09:09:32 nishtala kernel: [   20.318776] audit: type=1400 audit(1444028972.510:7): apparmor="STATUS" operation="profile_replace" name="/usr/lib/connman/scripts/dhclient-script" pid=818 comm="apparmor_parser"
Oct  5 09:09:32 nishtala kernel: [   20.318782] audit: type=1400 audit(1444028972.510:8): apparmor="STATUS" operation="profile_replace" name="/sbin/dhclient" pid=847 comm="apparmor_parser"
Oct  5 09:09:32 nishtala kernel: [   20.318788] audit: type=1400 audit(1444028972.510:9): apparmor="STATUS" operation="profile_replace" name="/usr/lib/NetworkManager/nm-dhcp-client.action" pid=847 comm="apparmor_parser"
Oct  5 09:09:32 nishtala kernel: [   20.318792] audit: type=1400 audit(1444028972.510:10): apparmor="STATUS" operation="profile_replace" name="/usr/lib/connman/scripts/dhclient-script" pid=847 comm="apparmor_parser"
Oct  5 09:09:32 nishtala kernel: [   20.318914] audit: type=1400 audit(1444028972.510:11): apparmor="STATUS" operation="profile_replace" name="/usr/lib/NetworkManager/nm-dhcp-client.action" pid=724 comm="apparmor_parser"
Oct  5 09:09:33 nishtala kernel: [   20.930012] uvcvideo: Found UVC 1.00 device Laptop_Integrated_Webcam_FHD (1bcf:2b83)
Oct  5 09:09:33 nishtala kernel: [   20.952655] input: Laptop_Integrated_Webcam_FHD as /devices/pci0000:00/0000:00:1a.0/usb1/1-1/1-1.5/1-1.5:1.0/input/input19
Oct  5 09:09:33 nishtala kernel: [   20.952785] usbcore: registered new interface driver uvcvideo
Oct  5 09:09:33 nishtala kernel: [   20.952787] USB Video Class driver (1.1.1)
Oct  5 09:09:34 nishtala kernel: [   21.856437] vgaarb: device changed decodes: PCI:0000:01:00.0,olddecodes=io+mem,decodes=none:owns=none
Oct  5 09:09:34 nishtala kernel: [   21.856620] [drm] Initialized nvidia-drm 0.0.0 20130102 for 0000:01:00.0 on minor 0
Oct  5 09:09:34 nishtala kernel: [   21.856628] NVRM: loading NVIDIA UNIX x86_64 Kernel Module  331.113  Mon Dec  1 21:08:13 PST 2014
Oct  5 09:09:38 nishtala kernel: [   26.034483] audit_printk_skb: 207 callbacks suppressed
Oct  5 09:09:38 nishtala kernel: [   26.034486] audit: type=1400 audit(1444028978.222:81): apparmor="STATUS" operation="profile_replace" name="/usr/sbin/cups-browsed" pid=1278 comm="apparmor_parser"
Oct  5 09:09:41 nishtala kernel: [   29.190918] e1000e 0000:00:19.0: irq 43 for MSI/MSI-X
Oct  5 09:09:41 nishtala kernel: [   29.291366] e1000e 0000:00:19.0: irq 43 for MSI/MSI-X
Oct  5 09:09:41 nishtala kernel: [   29.291560] IPv6: ADDRCONF(NETDEV_UP): eth0: link is not ready
Oct  5 09:09:44 nishtala kernel: [   32.639443] vboxdrv: Found 8 processor cores.
Oct  5 09:09:44 nishtala kernel: [   32.639745] vboxdrv: fAsync=0 offMin=0x2d6 offMax=0x29b2
Oct  5 09:09:44 nishtala kernel: [   32.639820] vboxdrv: TSC mode is 'synchronous', kernel timer mode is 'normal'.
Oct  5 09:09:44 nishtala kernel: [   32.639821] vboxdrv: Successfully loaded version 4.3.10_Ubuntu (interface 0x001a0007).
Oct  5 09:09:44 nishtala kernel: [   32.736308] vboxpci: IOMMU not found (not registered)
Oct  5 09:09:46 nishtala kernel: [   34.291560] cfg80211: Calling CRDA for country: ES
Oct  5 09:09:46 nishtala kernel: [   34.293458] cfg80211: Regulatory domain changed to country: ES
Oct  5 09:09:46 nishtala kernel: [   34.293460] cfg80211:  DFS Master region: unset
Oct  5 09:09:46 nishtala kernel: [   34.293461] cfg80211:   (start_freq - end_freq @ bandwidth), (max_antenna_gain, max_eirp)
Oct  5 09:09:46 nishtala kernel: [   34.293462] cfg80211:   (2400000 KHz - 2483500 KHz @ 40000 KHz), (N/A, 2000 mBm)
Oct  5 09:09:46 nishtala kernel: [   34.293463] cfg80211:   (5150000 KHz - 5250000 KHz @ 40000 KHz), (N/A, 2000 mBm)
Oct  5 09:09:46 nishtala kernel: [   34.293464] cfg80211:   (5250000 KHz - 5350000 KHz @ 40000 KHz), (N/A, 2000 mBm)
Oct  5 09:09:46 nishtala kernel: [   34.293465] cfg80211:   (5470000 KHz - 5725000 KHz @ 40000 KHz), (N/A, 2698 mBm)
Oct  5 09:09:46 nishtala kernel: [   34.293466] cfg80211:   (57240000 KHz - 65880000 KHz @ 2160000 KHz), (N/A, 4000 mBm)
Oct  5 09:09:50 nishtala kernel: [   38.109259] Ebtables v2.0 registered
Oct  5 09:09:50 nishtala kernel: [   38.668001] ip_tables: (C) 2000-2006 Netfilter Core Team
Oct  5 09:09:50 nishtala kernel: [   38.722574] ip6_tables: (C) 2000-2006 Netfilter Core Team
Oct  5 09:10:02 nishtala kernel: [   50.794274] nvidia 0000:01:00.0: irq 46 for MSI/MSI-X
Oct  5 09:10:02 nishtala kernel: [   50.807052] ACPI Warning: \_SB_.PCI0.PEG0.VID_._DSM: Argument #4 type mismatch - Found [Buffer], ACPI requires [Package] (20131218/nsarguments-95)
Oct  5 09:10:02 nishtala kernel: [   50.807121] ACPI Warning: \_SB_.PCI0.PEG0.VID_._DSM: Argument #4 type mismatch - Found [Buffer], ACPI requires [Package] (20131218/nsarguments-95)
Oct  5 09:10:02 nishtala kernel: [   50.807166] ACPI Warning: \_SB_.PCI0.PEG0.VID_._DSM: Argument #4 type mismatch - Found [Buffer], ACPI requires [Package] (20131218/nsarguments-95)
Oct  5 09:10:02 nishtala kernel: [   50.807208] ACPI Warning: \_SB_.PCI0.PEG0.VID_._DSM: Argument #4 type mismatch - Found [Buffer], ACPI requires [Package] (20131218/nsarguments-95)
Oct  5 09:10:02 nishtala kernel: [   50.807251] ACPI Warning: \_SB_.PCI0.PEG0.VID_._DSM: Argument #4 type mismatch - Found [Buffer], ACPI requires [Package] (20131218/nsarguments-95)
Oct  5 09:10:02 nishtala kernel: [   50.821844] ACPI Warning: \_SB_.PCI0.PEG0.VID_._DSM: Argument #4 type mismatch - Found [Buffer], ACPI requires [Package] (20131218/nsarguments-95)
Oct  5 09:10:02 nishtala kernel: [   50.822569] ACPI Warning: \_SB_.PCI0.PEG0.VID_._DSM: Argument #4 type mismatch - Found [Buffer], ACPI requires [Package] (20131218/nsarguments-95)
Oct  5 09:10:02 nishtala kernel: [   50.822747] ACPI Warning: \_SB_.PCI0.PEG0.VID_._DSM: Argument #4 type mismatch - Found [Buffer], ACPI requires [Package] (20131218/nsarguments-95)
Oct  5 09:10:02 nishtala kernel: [   50.822928] ACPI Warning: \_SB_.PCI0.PEG0.VID_._DSM: Argument #4 type mismatch - Found [Buffer], ACPI requires [Package] (20131218/nsarguments-95)
Oct  5 09:10:03 nishtala kernel: [   51.178804] ACPI Warning: \_SB_.PCI0.PEG0.VID_._DSM: Argument #4 type mismatch - Found [Buffer], ACPI requires [Package] (20131218/nsarguments-95)
Oct  5 09:10:05 nishtala kernel: [   53.769542] cgroup: systemd-logind (765) created nested cgroup for controller "memory" which has incomplete hierarchy support. Nested cgroups may change behavior in the future.
Oct  5 09:10:05 nishtala kernel: [   53.769551] cgroup: "memory" requires setting use_hierarchy to 1 on the root.
Oct  5 09:10:15 nishtala kernel: [   62.929656] Bridge firewalling registered
Oct  5 09:10:15 nishtala kernel: [   63.560700] nf_conntrack version 0.5.0 (16384 buckets, 65536 max)
Oct  5 09:10:16 nishtala kernel: [   63.862368] IPv6: ADDRCONF(NETDEV_UP): virbr0: link is not ready
Oct  5 09:10:29 nishtala kernel: [   77.356106] hda-codec: out of range cmd 0:6:707:ffffffff
Oct  5 09:10:42 nishtala kernel: [   90.219998] e1000e: eth0 NIC Link is Up 1000 Mbps Full Duplex, Flow Control: None
Oct  5 09:10:42 nishtala kernel: [   90.220051] IPv6: ADDRCONF(NETDEV_CHANGE): eth0: link becomes ready
Oct  5 09:10:47 nishtala kernel: [   95.223719] dell_wmi: Received unknown WMI event (0x0)
Oct  5 09:10:57 nishtala kernel: [  105.336696] cfg80211: Calling CRDA to update world regulatory domain
Oct  5 09:10:57 nishtala kernel: [  105.338917] cfg80211: World regulatory domain updated:
Oct  5 09:10:57 nishtala kernel: [  105.338920] cfg80211:  DFS Master region: unset
Oct  5 09:10:57 nishtala kernel: [  105.338921] cfg80211:   (start_freq - end_freq @ bandwidth), (max_antenna_gain, max_eirp)
Oct  5 09:10:57 nishtala kernel: [  105.338923] cfg80211:   (2402000 KHz - 2472000 KHz @ 40000 KHz), (300 mBi, 2000 mBm)
Oct  5 09:10:57 nishtala kernel: [  105.338924] cfg80211:   (2457000 KHz - 2482000 KHz @ 40000 KHz), (300 mBi, 2000 mBm)
Oct  5 09:10:57 nishtala kernel: [  105.338925] cfg80211:   (2474000 KHz - 2494000 KHz @ 20000 KHz), (300 mBi, 2000 mBm)
Oct  5 09:10:57 nishtala kernel: [  105.338926] cfg80211:   (5170000 KHz - 5250000 KHz @ 40000 KHz), (300 mBi, 2000 mBm)
Oct  5 09:10:57 nishtala kernel: [  105.338927] cfg80211:   (5735000 KHz - 5835000 KHz @ 40000 KHz), (300 mBi, 2000 mBm)
Oct  5 09:10:57 nishtala kernel: [  105.495545] usb 1-1.4: USB disconnect, device number 3
Oct  5 09:10:57 nishtala kernel: [  105.624384] ERROR @wl_notify_scan_status : wlan0 Scan_results error (-22)
Oct  5 15:15:02 nishtala kernel: [21973.423102] perf samples too long (2509 > 2500), lowering kernel.perf_event_max_sample_rate to 50000
Oct  5 15:30:30 nishtala kernel: [22902.304957] usb 2-1.4.1: new high-speed USB device number 7 using ehci-pci
Oct  5 15:30:30 nishtala kernel: [22902.414821] usb 2-1.4.1: New USB device found, idVendor=18d1, idProduct=4ee1
Oct  5 15:30:30 nishtala kernel: [22902.414833] usb 2-1.4.1: New USB device strings: Mfr=1, Product=2, SerialNumber=3
Oct  5 15:30:30 nishtala kernel: [22902.414839] usb 2-1.4.1: Product: Nexus 5
Oct  5 15:30:30 nishtala kernel: [22902.414844] usb 2-1.4.1: Manufacturer: LGE
Oct  5 15:30:30 nishtala kernel: [22902.414849] usb 2-1.4.1: SerialNumber: 05af77963444951b
Oct  5 15:48:57 nishtala kernel: [24010.197440] hid-generic 0003:046D:C050.0001: can't reset device, 0000:00:1d.0-1.4.2/input0, status -71
Oct  5 15:48:57 nishtala kernel: [24010.201554] usb 2-1.4: clear tt 1 (0050) error -71
Oct  5 15:48:57 nishtala kernel: [24010.204157] hid-generic 0003:04B3:3025.0002: can't reset device, 0000:00:1d.0-1.4.3/input0, status -71
Oct  5 15:48:57 nishtala kernel: [24010.205646] hid-generic 0003:046D:C050.0001: can't reset device, 0000:00:1d.0-1.4.2/input0, status -71
Oct  5 15:48:57 nishtala kernel: [24010.208150] usb 2-1.4: clear tt 1 (0060) error -71
Oct  5 15:48:57 nishtala kernel: [24010.212401] usb 2-1.4: clear tt 1 (0050) error -71
Oct  5 15:48:57 nishtala kernel: [24010.220285] hid-generic 0003:04B3:3025.0002: can't reset device, 0000:00:1d.0-1.4.3/input0, status -71
Oct  5 15:48:57 nishtala kernel: [24010.221160] hid-generic 0003:046D:C050.0001: can't reset device, 0000:00:1d.0-1.4.2/input0, status -71
Oct  5 15:48:57 nishtala kernel: [24010.224287] usb 2-1.4: clear tt 1 (0060) error -71
Oct  5 15:48:57 nishtala kernel: [24010.228540] usb 2-1.4: clear tt 1 (0050) error -71
Oct  5 15:48:57 nishtala kernel: [24010.236297] hid-generic 0003:04B3:3025.0002: can't reset device, 0000:00:1d.0-1.4.3/input0, status -71
